>>>Particle: Proton <<<
>>>Group 1 has converged ( ϵ = 0.0000E+00 , N = 2 , ρ = NaN )
>>>Group 2 has converged ( ϵ = 0.0000E+00 , N = 2 , ρ = NaN )
>>>Group 3 has converged ( ϵ = 0.0000E+00 , N = 2 , ρ = NaN )
>>>Group 4 has converged ( ϵ = 0.0000E+00 , N = 2 , ρ = NaN )
>>>Group 5 has converged ( ϵ = 0.0000E+00 , N = 2 , ρ = NaN )
>>>Group 6 has converged ( ϵ = 0.0000E+00 , N = 2 , ρ = NaN )
>>>Group 7 has converged ( ϵ = 0.0000E+00 , N = 2 , ρ = NaN )
>>>Group 8 has converged ( ϵ = 0.0000E+00 , N = 2 , ρ = NaN )
>>>Group 9 has converged ( ϵ = 0.0000E+00 , N = 2 , ρ = NaN )
>>>Group 10 has converged ( ϵ = 0.0000E+00 , N = 2 , ρ = NaN )
>>>Group 11 has converged ( ϵ = 0.0000E+00 , N = 2 , ρ = NaN )
>>>Group 12 has converged ( ϵ = 0.0000E+00 , N = 2 , ρ = NaN )
>>>Group 13 has converged ( ϵ = 0.0000E+00 , N = 2 , ρ = NaN )
>>>Group 14 has converged ( ϵ = 0.0000E+00 , N = 2 , ρ = NaN )
>>>Group 15 has converged ( ϵ = 0.0000E+00 , N = 2 , ρ = NaN )
>>>Group 16 has converged ( ϵ = 0.0000E+00 , N = 2 , ρ = NaN )
>>>Group 17 has converged ( ϵ = 0.0000E+00 , N = 2 , ρ = NaN )
>>>Group 18 has converged ( ϵ = 0.0000E+00 , N = 2 , ρ = NaN )
>>>Group 19 has converged ( ϵ = 0.0000E+00 , N = 2 , ρ = NaN )
>>>Group 20 has converged ( ϵ = 0.0000E+00 , N = 2 , ρ = NaN )
>>>Group 21 has converged ( ϵ = 0.0000E+00 , N = 2 , ρ = NaN )
>>>Group 22 has converged ( ϵ = 0.0000E+00 , N = 2 , ρ = NaN )
>>>Group 23 has converged ( ϵ = 0.0000E+00 , N = 2 , ρ = NaN )
>>>Group 24 has converged ( ϵ = 0.0000E+00 , N = 2 , ρ = NaN )
>>>Group 25 has converged ( ϵ = 0.0000E+00 , N = 2 , ρ = NaN )
>>>Group 26 has converged ( ϵ = 0.0000E+00 , N = 2 , ρ = NaN )
>>>Group 27 has converged ( ϵ = 0.0000E+00 , N = 2 , ρ = NaN )
>>>Group 28 has converged ( ϵ = 0.0000E+00 , N = 2 , ρ = NaN )
>>>Group 29 has converged ( ϵ = 0.0000E+00 , N = 2 , ρ = NaN )
>>>Group 30 has converged ( ϵ = 0.0000E+00 , N = 2 , ρ = NaN )
>>>Group 31 has converged ( ϵ = 0.0000E+00 , N = 2 , ρ = NaN )
>>>Group 32 has converged ( ϵ = 0.0000E+00 , N = 2 , ρ = NaN )
>>>Group 33 has converged ( ϵ = 0.0000E+00 , N = 2 , ρ = NaN )
>>>Group 34 has converged ( ϵ = 0.0000E+00 , N = 2 , ρ = NaN )
>>>Group 35 has converged ( ϵ = 0.0000E+00 , N = 2 , ρ = NaN )
>>>Group 36 has converged ( ϵ = 0.0000E+00 , N = 2 , ρ = NaN )
>>>Group 37 has converged ( ϵ = 0.0000E+00 , N = 2 , ρ = NaN )
>>>Group 38 has converged ( ϵ = 0.0000E+00 , N = 2 , ρ = NaN )
>>>Group 39 has converged ( ϵ = 0.0000E+00 , N = 2 , ρ = NaN )
>>>Group 40 has converged ( ϵ = 0.0000E+00 , N = 2 , ρ = NaN )
>>>Group 41 has converged ( ϵ = 0.0000E+00 , N = 2 , ρ = NaN )
>>>Group 42 has converged ( ϵ = 0.0000E+00 , N = 2 , ρ = NaN )
>>>Group 43 has converged ( ϵ = 0.0000E+00 , N = 2 , ρ = NaN )
>>>Group 44 has converged ( ϵ = 0.0000E+00 , N = 2 , ρ = NaN )
>>>Group 45 has converged ( ϵ = 0.0000E+00 , N = 2 , ρ = NaN )
>>>Group 46 has converged ( ϵ = 0.0000E+00 , N = 2 , ρ = NaN )
>>>Group 47 has converged ( ϵ = 0.0000E+00 , N = 2 , ρ = NaN )
>>>Group 48 has converged ( ϵ = 0.0000E+00 , N = 2 , ρ = NaN )
>>>Group 49 has converged ( ϵ = 0.0000E+00 , N = 2 , ρ = NaN )
>>>Group 50 has converged ( ϵ = 0.0000E+00 , N = 2 , ρ = NaN )
>>>Group 51 has converged ( ϵ = 0.0000E+00 , N = 2 , ρ = NaN )
>>>Group 52 has converged ( ϵ = 0.0000E+00 , N = 2 , ρ = NaN )
>>>Group 53 has converged ( ϵ = 0.0000E+00 , N = 2 , ρ = NaN )
>>>Group 54 has converged ( ϵ = 0.0000E+00 , N = 2 , ρ = NaN )
>>>Group 55 has converged ( ϵ = 0.0000E+00 , N = 2 , ρ = NaN )
>>>Group 56 has converged ( ϵ = 0.0000E+00 , N = 2 , ρ = NaN )
>>>Group 57 has converged ( ϵ = 0.0000E+00 , N = 2 , ρ = NaN )
>>>Group 58 has converged ( ϵ = 0.0000E+00 , N = 2 , ρ = NaN )
>>>Group 59 has converged ( ϵ = 0.0000E+00 , N = 2 , ρ = NaN )
>>>Group 60 has converged ( ϵ = 0.0000E+00 , N = 2 , ρ = NaN )
>>>Group 61 has converged ( ϵ = 0.0000E+00 , N = 2 , ρ = NaN )
>>>Group 62 has converged ( ϵ = 0.0000E+00 , N = 2 , ρ = NaN )
>>>Group 63 has converged ( ϵ = 0.0000E+00 , N = 2 , ρ = NaN )
>>>Group 64 has converged ( ϵ = 0.0000E+00 , N = 2 , ρ = NaN )
>>>Group 65 has converged ( ϵ = 0.0000E+00 , N = 2 , ρ = NaN )
>>>Group 66 has converged ( ϵ = 0.0000E+00 , N = 2 , ρ = NaN )
>>>Group 67 has converged ( ϵ = 0.0000E+00 , N = 2 , ρ = NaN )
>>>Group 68 has converged ( ϵ = 0.0000E+00 , N = 2 , ρ = NaN )
>>>Group 69 has converged ( ϵ = 0.0000E+00 , N = 2 , ρ = NaN )
>>>Group 70 has converged ( ϵ = 0.0000E+00 , N = 2 , ρ = NaN )
>>>Group 71 has converged ( ϵ = 0.0000E+00 , N = 2 , ρ = NaN )
>>>Group 72 has converged ( ϵ = 0.0000E+00 , N = 2 , ρ = NaN )
>>>Group 73 has converged ( ϵ = 0.0000E+00 , N = 2 , ρ = NaN )
>>>Group 74 has converged ( ϵ = 0.0000E+00 , N = 2 , ρ = NaN )
>>>Group 75 has converged ( ϵ = 0.0000E+00 , N = 2 , ρ = NaN )
>>>Group 76 has converged ( ϵ = 0.0000E+00 , N = 2 , ρ = NaN )
>>>Group 77 has converged ( ϵ = 0.0000E+00 , N = 2 , ρ = NaN )
>>>Group 78 has converged ( ϵ = 0.0000E+00 , N = 2 , ρ = NaN )
>>>Group 79 has converged ( ϵ = 0.0000E+00 , N = 2 , ρ = NaN )
>>>Group 80 has converged ( ϵ = 0.0000E+00 , N = 2 , ρ = NaN )
>>>Group 81 has converged ( ϵ = 0.0000E+00 , N = 2 , ρ = NaN )
>>>Group 82 has converged ( ϵ = 0.0000E+00 , N = 2 , ρ = NaN )
>>>Group 83 has converged ( ϵ = 0.0000E+00 , N = 2 , ρ = NaN )
>>>Group 84 has converged ( ϵ = 0.0000E+00 , N = 2 , ρ = NaN )
>>>Group 85 has converged ( ϵ = 0.0000E+00 , N = 2 , ρ = NaN )
>>>Group 86 has converged ( ϵ = 0.0000E+00 , N = 2 , ρ = NaN )
>>>Group 87 has converged ( ϵ = 0.0000E+00 , N = 2 , ρ = NaN )
>>>Group 88 has converged ( ϵ = 0.0000E+00 , N = 2 , ρ = NaN )
>>>Group 89 has converged ( ϵ = 0.0000E+00 , N = 2 , ρ = NaN )
>>>Group 90 has converged ( ϵ = 0.0000E+00 , N = 2 , ρ = NaN )
>>>Group 91 has converged ( ϵ = 0.0000E+00 , N = 2 , ρ = NaN )
>>>Group 92 has converged ( ϵ = 0.0000E+00 , N = 2 , ρ = NaN )
>>>Group 93 has converged ( ϵ = 0.0000E+00 , N = 2 , ρ = NaN )
>>>Group 94 has converged ( ϵ = 0.0000E+00 , N = 2 , ρ = NaN )
>>>Group 95 has converged ( ϵ = 0.0000E+00 , N = 2 , ρ = NaN )
>>>Group 96 has converged ( ϵ = 0.0000E+00 , N = 2 , ρ = NaN )
>>>Group 97 has converged ( ϵ = 0.0000E+00 , N = 2 , ρ = NaN )
>>>Group 98 has converged ( ϵ = 0.0000E+00 , N = 2 , ρ = NaN )
>>>Group 99 has converged ( ϵ = 0.0000E+00 , N = 2 , ρ = NaN )
>>>Group 100 has converged ( ϵ = 0.0000E+00 , N = 2 , ρ = NaN )
>>>Group 101 has converged ( ϵ = 0.0000E+00 , N = 2 , ρ = NaN )
>>>Group 102 has converged ( ϵ = 0.0000E+00 , N = 2 , ρ = NaN )
>>>Group 103 has converged ( ϵ = 0.0000E+00 , N = 2 , ρ = NaN )
>>>Group 104 has converged ( ϵ = 0.0000E+00 , N = 2 , ρ = NaN )
>>>Group 105 has converged ( ϵ = 0.0000E+00 , N = 2 , ρ = NaN )
>>>Group 106 has converged ( ϵ = 0.0000E+00 , N = 2 , ρ = NaN )
>>>Group 107 has converged ( ϵ = 0.0000E+00 , N = 2 , ρ = NaN )
>>>Group 108 has converged ( ϵ = 0.0000E+00 , N = 2 , ρ = NaN )
>>>Group 109 has converged ( ϵ = 0.0000E+00 , N = 2 , ρ = NaN )
>>>Group 110 has converged ( ϵ = 0.0000E+00 , N = 2 , ρ = NaN )
>>>Group 111 has converged ( ϵ = 0.0000E+00 , N = 2 , ρ = NaN )
>>>Group 112 has converged ( ϵ = 0.0000E+00 , N = 2 , ρ = NaN )
>>>Group 113 has converged ( ϵ = 0.0000E+00 , N = 2 , ρ = NaN )
>>>Group 114 has converged ( ϵ = 0.0000E+00 , N = 2 , ρ = NaN )
>>>Group 115 has converged ( ϵ = 0.0000E+00 , N = 2 , ρ = NaN )
>>>Group 116 has converged ( ϵ = 0.0000E+00 , N = 2 , ρ = NaN )
>>>Group 117 has converged ( ϵ = 0.0000E+00 , N = 2 , ρ = NaN )
>>>Group 118 has converged ( ϵ = 0.0000E+00 , N = 2 , ρ = NaN )
>>>Group 119 has converged ( ϵ = 0.0000E+00 , N = 2 , ρ = NaN )
>>>Group 120 has converged ( ϵ = 0.0000E+00 , N = 2 , ρ = NaN )
>>>Group 121 has converged ( ϵ = 0.0000E+00 , N = 2 , ρ = NaN )
>>>Group 122 has converged ( ϵ = 0.0000E+00 , N = 2 , ρ = NaN )
>>>Group 123 has converged ( ϵ = 0.0000E+00 , N = 2 , ρ = NaN )
>>>Group 124 has converged ( ϵ = 0.0000E+00 , N = 2 , ρ = NaN )
>>>Group 125 has converged ( ϵ = 0.0000E+00 , N = 2 , ρ = NaN )
>>>Group 126 has converged ( ϵ = 0.0000E+00 , N = 2 , ρ = NaN )
>>>Group 127 has converged ( ϵ = 0.0000E+00 , N = 2 , ρ = NaN )
>>>Group 128 has converged ( ϵ = 0.0000E+00 , N = 2 , ρ = NaN )
>>>Group 129 has converged ( ϵ = 0.0000E+00 , N = 2 , ρ = NaN )
>>>Group 130 has converged ( ϵ = 0.0000E+00 , N = 2 , ρ = NaN )
>>>Group 131 has converged ( ϵ = 0.0000E+00 , N = 2 , ρ = NaN )
>>>Group 132 has converged ( ϵ = 0.0000E+00 , N = 2 , ρ = NaN )
>>>Group 133 has converged ( ϵ = 0.0000E+00 , N = 2 , ρ = NaN )
>>>Group 134 has converged ( ϵ = 0.0000E+00 , N = 2 , ρ = NaN )
>>>Group 135 has converged ( ϵ = 0.0000E+00 , N = 2 , ρ = NaN )
>>>Group 136 has converged ( ϵ = 0.0000E+00 , N = 2 , ρ = NaN )
>>>Group 137 has converged ( ϵ = 0.0000E+00 , N = 2 , ρ = NaN )
>>>Group 138 has converged ( ϵ = 0.0000E+00 , N = 2 , ρ = NaN )
>>>Group 139 has converged ( ϵ = 0.0000E+00 , N = 2 , ρ = NaN )
>>>Group 140 has converged ( ϵ = 0.0000E+00 , N = 2 , ρ = NaN )
>>>Group 141 has converged ( ϵ = 0.0000E+00 , N = 2 , ρ = NaN )
>>>Group 142 has converged ( ϵ = 0.0000E+00 , N = 2 , ρ = NaN )
>>>Group 143 has converged ( ϵ = 0.0000E+00 , N = 2 , ρ = NaN )
>>>Group 144 has converged ( ϵ = 0.0000E+00 , N = 2 , ρ = NaN )
>>>Group 145 has converged ( ϵ = 0.0000E+00 , N = 2 , ρ = NaN )
>>>Group 146 has converged ( ϵ = 0.0000E+00 , N = 2 , ρ = NaN )
>>>Group 147 has converged ( ϵ = 0.0000E+00 , N = 2 , ρ = NaN )
>>>Group 148 has converged ( ϵ = 0.0000E+00 , N = 2 , ρ = NaN )
>>>Group 149 has converged ( ϵ = 0.0000E+00 , N = 2 , ρ = NaN )
>>>Group 150 has converged ( ϵ = 0.0000E+00 , N = 2 , ρ = NaN )
>>>Group 151 has converged ( ϵ = 0.0000E+00 , N = 2 , ρ = NaN )
>>>Group 152 has converged ( ϵ = 0.0000E+00 , N = 2 , ρ = NaN )
>>>Group 153 has converged ( ϵ = 0.0000E+00 , N = 2 , ρ = NaN )
>>>Group 154 has converged ( ϵ = 0.0000E+00 , N = 2 , ρ = NaN )
>>>Group 155 has converged ( ϵ = 0.0000E+00 , N = 2 , ρ = NaN )
>>>Group 156 has converged ( ϵ = 0.0000E+00 , N = 2 , ρ = NaN )
>>>Group 157 has converged ( ϵ = 0.0000E+00 , N = 2 , ρ = NaN )
>>>Group 158 has converged ( ϵ = 0.0000E+00 , N = 2 , ρ = NaN )
>>>Group 159 has converged ( ϵ = 0.0000E+00 , N = 2 , ρ = NaN )
>>>Group 160 has converged ( ϵ = 0.0000E+00 , N = 2 , ρ = NaN )
>>>Group 161 has converged ( ϵ = 0.0000E+00 , N = 2 , ρ = NaN )
>>>Group 162 has converged ( ϵ = 0.0000E+00 , N = 2 , ρ = NaN )
>>>Group 163 has converged ( ϵ = 0.0000E+00 , N = 2 , ρ = NaN )
>>>Group 164 has converged ( ϵ = 0.0000E+00 , N = 2 , ρ = NaN )
>>>Group 165 has converged ( ϵ = 0.0000E+00 , N = 2 , ρ = NaN )
>>>Group 166 has converged ( ϵ = 0.0000E+00 , N = 2 , ρ = NaN )
>>>Group 167 has converged ( ϵ = 0.0000E+00 , N = 2 , ρ = NaN )
>>>Group 168 has converged ( ϵ = 0.0000E+00 , N = 2 , ρ = NaN )
>>>Group 169 has converged ( ϵ = 0.0000E+00 , N = 2 , ρ = NaN )
>>>Group 170 has converged ( ϵ = 0.0000E+00 , N = 2 , ρ = NaN )
>>>Group 171 has converged ( ϵ = 0.0000E+00 , N = 2 , ρ = NaN )
>>>Group 172 has converged ( ϵ = 0.0000E+00 , N = 2 , ρ = NaN )
>>>Group 173 has converged ( ϵ = 0.0000E+00 , N = 2 , ρ = NaN )
>>>Group 174 has converged ( ϵ = 0.0000E+00 , N = 2 , ρ = NaN )
>>>Group 175 has converged ( ϵ = 0.0000E+00 , N = 2 , ρ = NaN )
>>>Group 176 has converged ( ϵ = 0.0000E+00 , N = 2 , ρ = NaN )
>>>Group 177 has converged ( ϵ = 0.0000E+00 , N = 2 , ρ = NaN )
>>>Group 178 has converged ( ϵ = 0.0000E+00 , N = 2 , ρ = NaN )
>>>Group 179 has converged ( ϵ = 0.0000E+00 , N = 2 , ρ = NaN )
>>>Group 180 has converged ( ϵ = 0.0000E+00 , N = 2 , ρ = NaN )
>>>Group 181 has converged ( ϵ = 0.0000E+00 , N = 2 , ρ = NaN )
>>>Group 182 has converged ( ϵ = 0.0000E+00 , N = 2 , ρ = NaN )
>>>Group 183 has converged ( ϵ = 0.0000E+00 , N = 2 , ρ = NaN )
>>>Group 184 has converged ( ϵ = 0.0000E+00 , N = 2 , ρ = NaN )
>>>Group 185 has converged ( ϵ = 0.0000E+00 , N = 2 , ρ = NaN )
>>>Group 186 has converged ( ϵ = 0.0000E+00 , N = 2 , ρ = NaN )
>>>Group 187 has converged ( ϵ = 0.0000E+00 , N = 2 , ρ = NaN )
>>>Group 188 has converged ( ϵ = 0.0000E+00 , N = 2 , ρ = NaN )
>>>Group 189 has converged ( ϵ = 0.0000E+00 , N = 2 , ρ = NaN )
>>>Group 190 has converged ( ϵ = 0.0000E+00 , N = 2 , ρ = NaN )
>>>Group 191 has converged ( ϵ = 0.0000E+00 , N = 2 , ρ = NaN )
>>>Group 192 has converged ( ϵ = 0.0000E+00 , N = 2 , ρ = NaN )
>>>Group 193 has converged ( ϵ = 0.0000E+00 , N = 2 , ρ = NaN )
>>>Group 194 has converged ( ϵ = 0.0000E+00 , N = 2 , ρ = NaN )
>>>Group 195 has converged ( ϵ = 0.0000E+00 , N = 2 , ρ = NaN )
>>>Group 196 has converged ( ϵ = 0.0000E+00 , N = 2 , ρ = NaN )
>>>Group 197 has converged ( ϵ = 0.0000E+00 , N = 2 , ρ = NaN )
>>>Group 198 has converged ( ϵ = 0.0000E+00 , N = 2 , ρ = NaN )
>>>Group 199 has converged ( ϵ = 0.0000E+00 , N = 2 , ρ = NaN )
>>>Group 200 has converged ( ϵ = 0.0000E+00 , N = 2 , ρ = NaN )
>>>Group 201 has converged ( ϵ = 0.0000E+00 , N = 2 , ρ = NaN )
>>>Group 202 has converged ( ϵ = 0.0000E+00 , N = 2 , ρ = NaN )
>>>Group 203 has converged ( ϵ = 0.0000E+00 , N = 2 , ρ = NaN )
>>>Group 204 has converged ( ϵ = 0.0000E+00 , N = 2 , ρ = NaN )
>>>Group 205 has converged ( ϵ = 0.0000E+00 , N = 2 , ρ = NaN )
>>>Group 206 has converged ( ϵ = 0.0000E+00 , N = 2 , ρ = NaN )
>>>Group 207 has converged ( ϵ = 0.0000E+00 , N = 2 , ρ = NaN )
>>>Group 208 has converged ( ϵ = 0.0000E+00 , N = 2 , ρ = NaN )
>>>Group 209 has converged ( ϵ = 0.0000E+00 , N = 2 , ρ = NaN )
>>>Group 210 has converged ( ϵ = 0.0000E+00 , N = 2 , ρ = NaN )
>>>Group 211 has converged ( ϵ = 0.0000E+00 , N = 2 , ρ = NaN )
>>>Group 212 has converged ( ϵ = 0.0000E+00 , N = 2 , ρ = NaN )
>>>Group 213 has converged ( ϵ = 0.0000E+00 , N = 2 , ρ = NaN )
>>>Group 214 has converged ( ϵ = 0.0000E+00 , N = 2 , ρ = NaN )
>>>Group 215 has converged ( ϵ = 0.0000E+00 , N = 2 , ρ = NaN )
>>>Group 216 has converged ( ϵ = 0.0000E+00 , N = 2 , ρ = NaN )
>>>Group 217 has converged ( ϵ = 0.0000E+00 , N = 2 , ρ = NaN )
>>>Group 218 has converged ( ϵ = 0.0000E+00 , N = 2 , ρ = NaN )
>>>Group 219 has converged ( ϵ = 0.0000E+00 , N = 2 , ρ = NaN )
>>>Group 220 has converged ( ϵ = 0.0000E+00 , N = 2 , ρ = NaN )
>>>Group 221 has converged ( ϵ = 0.0000E+00 , N = 2 , ρ = NaN )
>>>Group 222 has converged ( ϵ = 0.0000E+00 , N = 2 , ρ = NaN )
>>>Group 223 has converged ( ϵ = 0.0000E+00 , N = 2 , ρ = NaN )
>>>Group 224 has converged ( ϵ = 0.0000E+00 , N = 2 , ρ = NaN )
>>>Group 225 has converged ( ϵ = 0.0000E+00 , N = 2 , ρ = NaN )
>>>Group 226 has converged ( ϵ = 0.0000E+00 , N = 2 , ρ = NaN )
>>>Group 227 has converged ( ϵ = 0.0000E+00 , N = 2 , ρ = NaN )
>>>Group 228 has converged ( ϵ = 0.0000E+00 , N = 2 , ρ = NaN )
>>>Group 229 has converged ( ϵ = 0.0000E+00 , N = 2 , ρ = NaN )
>>>Group 230 has converged ( ϵ = 0.0000E+00 , N = 2 , ρ = NaN )
>>>Group 231 has converged ( ϵ = 0.0000E+00 , N = 2 , ρ = NaN )
>>>Group 232 has converged ( ϵ = 0.0000E+00 , N = 2 , ρ = NaN )
>>>Group 233 has converged ( ϵ = 0.0000E+00 , N = 2 , ρ = NaN )
>>>Group 234 has converged ( ϵ = 0.0000E+00 , N = 2 , ρ = NaN )
>>>Group 235 has converged ( ϵ = 0.0000E+00 , N = 2 , ρ = NaN )
>>>Group 236 has converged ( ϵ = 0.0000E+00 , N = 2 , ρ = NaN )
>>>Group 237 has converged ( ϵ = 0.0000E+00 , N = 2 , ρ = NaN )
>>>Group 238 has converged ( ϵ = 0.0000E+00 , N = 2 , ρ = NaN )
>>>Group 239 has converged ( ϵ = 0.0000E+00 , N = 2 , ρ = NaN )
>>>Group 240 has converged ( ϵ = 0.0000E+00 , N = 2 , ρ = NaN )
>>>Group 241 has converged ( ϵ = 0.0000E+00 , N = 2 , ρ = NaN )
>>>Group 242 has converged ( ϵ = 0.0000E+00 , N = 2 , ρ = NaN )
>>>Group 243 has converged ( ϵ = 0.0000E+00 , N = 2 , ρ = NaN )
>>>Group 244 has converged ( ϵ = 0.0000E+00 , N = 2 , ρ = NaN )
>>>Group 245 has converged ( ϵ = 0.0000E+00 , N = 2 , ρ = NaN )
>>>Group 246 has converged ( ϵ = 0.0000E+00 , N = 2 , ρ = NaN )
>>>Group 247 has converged ( ϵ = 0.0000E+00 , N = 2 , ρ = NaN )
>>>Group 248 has converged ( ϵ = 0.0000E+00 , N = 2 , ρ = NaN )
>>>Group 249 has converged ( ϵ = 0.0000E+00 , N = 2 , ρ = NaN )
>>>Group 250 has converged ( ϵ = 0.0000E+00 , N = 2 , ρ = NaN )
>>>Group 251 has converged ( ϵ = 0.0000E+00 , N = 2 , ρ = NaN )
>>>Group 252 has converged ( ϵ = 0.0000E+00 , N = 2 , ρ = NaN )
>>>Group 253 has converged ( ϵ = 0.0000E+00 , N = 2 , ρ = NaN )
>>>Group 254 has converged ( ϵ = 0.0000E+00 , N = 2 , ρ = NaN )
>>>Group 255 has converged ( ϵ = 0.0000E+00 , N = 2 , ρ = NaN )
>>>Group 256 has converged ( ϵ = 0.0000E+00 , N = 2 , ρ = NaN )
>>>Group 257 has converged ( ϵ = 0.0000E+00 , N = 2 , ρ = NaN )
>>>Group 258 has converged ( ϵ = 0.0000E+00 , N = 2 , ρ = NaN )
>>>Group 259 has converged ( ϵ = 0.0000E+00 , N = 2 , ρ = NaN )
>>>Group 260 has converged ( ϵ = 0.0000E+00 , N = 2 , ρ = NaN )
>>>Group 261 has converged ( ϵ = 0.0000E+00 , N = 2 , ρ = NaN )
>>>Group 262 has converged ( ϵ = 0.0000E+00 , N = 2 , ρ = NaN )
>>>Group 263 has converged ( ϵ = 0.0000E+00 , N = 2 , ρ = NaN )
>>>Group 264 has converged ( ϵ = 0.0000E+00 , N = 2 , ρ = NaN )
>>>Group 265 has converged ( ϵ = 0.0000E+00 , N = 2 , ρ = NaN )
>>>Group 266 has converged ( ϵ = 0.0000E+00 , N = 2 , ρ = NaN )
>>>Group 267 has converged ( ϵ = 0.0000E+00 , N = 2 , ρ = NaN )
>>>Group 268 has converged ( ϵ = 0.0000E+00 , N = 2 , ρ = NaN )
>>>Group 269 has converged ( ϵ = 0.0000E+00 , N = 2 , ρ = NaN )
>>>Group 270 has converged ( ϵ = 0.0000E+00 , N = 2 , ρ = NaN )
>>>Group 271 has converged ( ϵ = 0.0000E+00 , N = 2 , ρ = NaN )
>>>Group 272 has converged ( ϵ = 0.0000E+00 , N = 2 , ρ = NaN )
>>>Group 273 has converged ( ϵ = 0.0000E+00 , N = 2 , ρ = NaN )
>>>Group 274 has converged ( ϵ = 0.0000E+00 , N = 2 , ρ = NaN )
>>>Group 275 has converged ( ϵ = 0.0000E+00 , N = 2 , ρ = NaN )
>>>Group 276 has converged ( ϵ = 0.0000E+00 , N = 2 , ρ = NaN )
>>>Group 277 has converged ( ϵ = 0.0000E+00 , N = 2 , ρ = NaN )
>>>Group 278 has converged ( ϵ = 0.0000E+00 , N = 2 , ρ = NaN )
>>>Group 279 has converged ( ϵ = 0.0000E+00 , N = 2 , ρ = NaN )
>>>Group 280 has converged ( ϵ = 0.0000E+00 , N = 2 , ρ = NaN )
>>>Group 281 has converged ( ϵ = 0.0000E+00 , N = 2 , ρ = NaN )
>>>Group 282 has converged ( ϵ = 0.0000E+00 , N = 2 , ρ = NaN )
>>>Group 283 has converged ( ϵ = 0.0000E+00 , N = 2 , ρ = NaN )
>>>Group 284 has converged ( ϵ = 0.0000E+00 , N = 2 , ρ = NaN )
>>>Group 285 has converged ( ϵ = 0.0000E+00 , N = 2 , ρ = NaN )
>>>Group 286 has converged ( ϵ = 0.0000E+00 , N = 2 , ρ = NaN )
>>>Group 287 has converged ( ϵ = 0.0000E+00 , N = 2 , ρ = NaN )
>>>Group 288 has converged ( ϵ = 0.0000E+00 , N = 2 , ρ = NaN )
>>>Group 289 has converged ( ϵ = 0.0000E+00 , N = 2 , ρ = NaN )
>>>Group 290 has converged ( ϵ = 0.0000E+00 , N = 2 , ρ = NaN )
>>>Group 291 has converged ( ϵ = 0.0000E+00 , N = 2 , ρ = NaN )
>>>Group 292 has converged ( ϵ = 0.0000E+00 , N = 2 , ρ = NaN )
>>>Group 293 has converged ( ϵ = 0.0000E+00 , N = 2 , ρ = NaN )
>>>Group 294 has converged ( ϵ = 0.0000E+00 , N = 2 , ρ = NaN )
>>>Group 295 has converged ( ϵ = 0.0000E+00 , N = 2 , ρ = NaN )
>>>Group 296 has converged ( ϵ = 0.0000E+00 , N = 2 , ρ = NaN )
>>>Group 297 has converged ( ϵ = 0.0000E+00 , N = 2 , ρ = NaN )
>>>Group 298 has converged ( ϵ = 0.0000E+00 , N = 2 , ρ = NaN )
>>>Group 299 has converged ( ϵ = 0.0000E+00 , N = 2 , ρ = NaN )
>>>Group 300 has converged ( ϵ = 0.0000E+00 , N = 2 , ρ = NaN )
>>>Group 301 has converged ( ϵ = 0.0000E+00 , N = 2 , ρ = NaN )
>>>Group 302 has converged ( ϵ = 0.0000E+00 , N = 2 , ρ = NaN )
>>>Group 303 has converged ( ϵ = 0.0000E+00 , N = 2 , ρ = NaN )
>>>Group 304 has converged ( ϵ = 0.0000E+00 , N = 2 , ρ = NaN )
>>>Group 305 has converged ( ϵ = 0.0000E+00 , N = 2 , ρ = NaN )
>>>Group 306 has converged ( ϵ = 0.0000E+00 , N = 2 , ρ = NaN )
>>>Group 307 has converged ( ϵ = 0.0000E+00 , N = 2 , ρ = NaN )
>>>Group 308 has converged ( ϵ = 0.0000E+00 , N = 2 , ρ = NaN )
>>>Group 309 has converged ( ϵ = 0.0000E+00 , N = 2 , ρ = NaN )
>>>Group 310 has converged ( ϵ = 0.0000E+00 , N = 2 , ρ = NaN )
>>>Group 311 has converged ( ϵ = 0.0000E+00 , N = 2 , ρ = NaN )
>>>Group 312 has converged ( ϵ = 0.0000E+00 , N = 2 , ρ = NaN )
>>>Group 313 has converged ( ϵ = 0.0000E+00 , N = 2 , ρ = NaN )
>>>Group 314 has converged ( ϵ = 0.0000E+00 , N = 2 , ρ = NaN )
>>>Group 315 has converged ( ϵ = 0.0000E+00 , N = 2 , ρ = NaN )
>>>Group 316 has converged ( ϵ = 0.0000E+00 , N = 2 , ρ = NaN )
>>>Group 317 has converged ( ϵ = 0.0000E+00 , N = 2 , ρ = NaN )
>>>Group 318 has converged ( ϵ = 0.0000E+00 , N = 2 , ρ = NaN )
>>>Group 319 has converged ( ϵ = 0.0000E+00 , N = 2 , ρ = NaN )
>>>Group 320 has converged ( ϵ = 0.0000E+00 , N = 2 , ρ = NaN )
>>>Group 321 has converged ( ϵ = 0.0000E+00 , N = 2 , ρ = NaN )
>>>Group 322 has converged ( ϵ = 0.0000E+00 , N = 2 , ρ = NaN )
>>>Group 323 has converged ( ϵ = 0.0000E+00 , N = 2 , ρ = NaN )
>>>Group 324 has converged ( ϵ = 0.0000E+00 , N = 2 , ρ = NaN )
>>>Group 325 has converged ( ϵ = 0.0000E+00 , N = 2 , ρ = NaN )
>>>Group 326 has converged ( ϵ = 0.0000E+00 , N = 2 , ρ = NaN )
>>>Group 327 has converged ( ϵ = 0.0000E+00 , N = 2 , ρ = NaN )
>>>Group 328 has converged ( ϵ = 0.0000E+00 , N = 2 , ρ = NaN )
>>>Group 329 has converged ( ϵ = 0.0000E+00 , N = 2 , ρ = NaN )
>>>Group 330 has converged ( ϵ = 0.0000E+00 , N = 2 , ρ = NaN )
>>>Group 331 has converged ( ϵ = 0.0000E+00 , N = 2 , ρ = NaN )
>>>Group 332 has converged ( ϵ = 0.0000E+00 , N = 2 , ρ = NaN )
>>>Group 333 has converged ( ϵ = 0.0000E+00 , N = 2 , ρ = NaN )
>>>Group 334 has converged ( ϵ = 0.0000E+00 , N = 2 , ρ = NaN )
>>>Group 335 has converged ( ϵ = 0.0000E+00 , N = 2 , ρ = NaN )
>>>Group 336 has converged ( ϵ = 0.0000E+00 , N = 2 , ρ = NaN )
>>>Group 337 has converged ( ϵ = 0.0000E+00 , N = 2 , ρ = NaN )
>>>Group 338 has converged ( ϵ = 0.0000E+00 , N = 2 , ρ = NaN )
>>>Group 339 has converged ( ϵ = 0.0000E+00 , N = 2 , ρ = NaN )
>>>Group 340 has converged ( ϵ = 0.0000E+00 , N = 2 , ρ = NaN )
>>>Group 341 has converged ( ϵ = 0.0000E+00 , N = 2 , ρ = NaN )
>>>Group 342 has converged ( ϵ = 0.0000E+00 , N = 2 , ρ = NaN )
>>>Group 343 has converged ( ϵ = 0.0000E+00 , N = 2 , ρ = NaN )
>>>Group 344 has converged ( ϵ = 0.0000E+00 , N = 2 , ρ = NaN )
>>>Group 345 has converged ( ϵ = 0.0000E+00 , N = 2 , ρ = NaN )
>>>Group 346 has converged ( ϵ = 0.0000E+00 , N = 2 , ρ = NaN )
>>>Group 347 has converged ( ϵ = 0.0000E+00 , N = 2 , ρ = NaN )
>>>Group 348 has converged ( ϵ = 0.0000E+00 , N = 2 , ρ = NaN )
>>>Group 349 has converged ( ϵ = 0.0000E+00 , N = 2 , ρ = NaN )
>>>Group 350 has converged ( ϵ = 0.0000E+00 , N = 2 , ρ = NaN )
>>>Group 351 has converged ( ϵ = 0.0000E+00 , N = 2 , ρ = NaN )
>>>Group 352 has converged ( ϵ = 0.0000E+00 , N = 2 , ρ = NaN )
>>>Group 353 has converged ( ϵ = 0.0000E+00 , N = 2 , ρ = NaN )
>>>Group 354 has converged ( ϵ = 0.0000E+00 , N = 2 , ρ = NaN )
>>>Group 355 has converged ( ϵ = 0.0000E+00 , N = 2 , ρ = NaN )
>>>Group 356 has converged ( ϵ = 0.0000E+00 , N = 2 , ρ = NaN )
>>>Group 357 has converged ( ϵ = 0.0000E+00 , N = 2 , ρ = NaN )
>>>Group 358 has converged ( ϵ = 0.0000E+00 , N = 2 , ρ = NaN )
>>>Group 359 has converged ( ϵ = 0.0000E+00 , N = 2 , ρ = NaN )
>>>Group 360 has converged ( ϵ = 0.0000E+00 , N = 2 , ρ = NaN )
>>>Group 361 has converged ( ϵ = 0.0000E+00 , N = 2 , ρ = NaN )
>>>Group 362 has converged ( ϵ = 0.0000E+00 , N = 2 , ρ = NaN )
>>>Group 363 has converged ( ϵ = 0.0000E+00 , N = 2 , ρ = NaN )
>>>Group 364 has converged ( ϵ = 0.0000E+00 , N = 2 , ρ = NaN )
>>>Group 365 has converged ( ϵ = 0.0000E+00 , N = 2 , ρ = NaN )
>>>Group 366 has converged ( ϵ = 0.0000E+00 , N = 2 , ρ = NaN )
>>>Group 367 has converged ( ϵ = 0.0000E+00 , N = 2 , ρ = NaN )
>>>Group 368 has converged ( ϵ = 0.0000E+00 , N = 2 , ρ = NaN )
>>>Group 369 has converged ( ϵ = 0.0000E+00 , N = 2 , ρ = NaN )
>>>Group 370 has converged ( ϵ = 0.0000E+00 , N = 2 , ρ = NaN )
>>>Group 371 has converged ( ϵ = 0.0000E+00 , N = 2 , ρ = NaN )
>>>Group 372 has converged ( ϵ = 0.0000E+00 , N = 2 , ρ = NaN )
>>>Group 373 has converged ( ϵ = 0.0000E+00 , N = 2 , ρ = NaN )
>>>Group 374 has converged ( ϵ = 0.0000E+00 , N = 2 , ρ = NaN )
>>>Group 375 has converged ( ϵ = 0.0000E+00 , N = 2 , ρ = NaN )
>>>Group 376 has converged ( ϵ = 0.0000E+00 , N = 2 , ρ = NaN )
>>>Group 377 has converged ( ϵ = 0.0000E+00 , N = 2 , ρ = NaN )
>>>Group 378 has converged ( ϵ = 0.0000E+00 , N = 2 , ρ = NaN )
>>>Group 379 has converged ( ϵ = 0.0000E+00 , N = 2 , ρ = NaN )
>>>Group 380 has converged ( ϵ = 0.0000E+00 , N = 2 , ρ = NaN )
>>>Group 381 has converged ( ϵ = 0.0000E+00 , N = 2 , ρ = NaN )
>>>Group 382 has converged ( ϵ = 0.0000E+00 , N = 2 , ρ = NaN )
>>>Group 383 has converged ( ϵ = 0.0000E+00 , N = 2 , ρ = NaN )
>>>Group 384 has converged ( ϵ = 0.0000E+00 , N = 2 , ρ = NaN )
>>>Group 385 has converged ( ϵ = 0.0000E+00 , N = 2 , ρ = NaN )
>>>Group 386 has converged ( ϵ = 0.0000E+00 , N = 2 , ρ = NaN )
>>>Group 387 has converged ( ϵ = 0.0000E+00 , N = 2 , ρ = NaN )
>>>Group 388 has converged ( ϵ = 0.0000E+00 , N = 2 , ρ = NaN )
>>>Group 389 has converged ( ϵ = 0.0000E+00 , N = 2 , ρ = NaN )
>>>Group 390 has converged ( ϵ = 0.0000E+00 , N = 2 , ρ = NaN )
>>>Group 391 has converged ( ϵ = 0.0000E+00 , N = 2 , ρ = NaN )
>>>Group 392 has converged ( ϵ = 0.0000E+00 , N = 2 , ρ = NaN )
>>>Group 393 has converged ( ϵ = 0.0000E+00 , N = 2 , ρ = NaN )
>>>Group 394 has converged ( ϵ = 0.0000E+00 , N = 2 , ρ = NaN )
>>>Group 395 has converged ( ϵ = 0.0000E+00 , N = 2 , ρ = NaN )
>>>Group 396 has converged ( ϵ = 0.0000E+00 , N = 2 , ρ = NaN )
>>>Group 397 has converged ( ϵ = 0.0000E+00 , N = 2 , ρ = NaN )
>>>Group 398 has converged ( ϵ = 0.0000E+00 , N = 2 , ρ = NaN )
>>>Group 399 has converged ( ϵ = 0.0000E+00 , N = 2 , ρ = NaN )
>>>Group 400 has converged ( ϵ = 0.0000E+00 , N = 2 , ρ = NaN )
>>>Group 401 has converged ( ϵ = 0.0000E+00 , N = 2 , ρ = NaN )
E=10.00000 MeV nvox=32 ng=400 Al=0.823662439 Cu=2.99365906 solve=38.588 s PHYSICAL_CANDIDATE
>>>Particle: Proton <<<
>>>Group 1 has converged ( ϵ = 0.0000E+00 , N = 2 , ρ = NaN )
>>>Group 2 has converged ( ϵ = 0.0000E+00 , N = 2 , ρ = NaN )
>>>Group 3 has converged ( ϵ = 0.0000E+00 , N = 2 , ρ = NaN )
>>>Group 4 has converged ( ϵ = 0.0000E+00 , N = 2 , ρ = NaN )
>>>Group 5 has converged ( ϵ = 0.0000E+00 , N = 2 , ρ = NaN )
>>>Group 6 has converged ( ϵ = 0.0000E+00 , N = 2 , ρ = NaN )
>>>Group 7 has converged ( ϵ = 0.0000E+00 , N = 2 , ρ = NaN )
>>>Group 8 has converged ( ϵ = 0.0000E+00 , N = 2 , ρ = NaN )
>>>Group 9 has converged ( ϵ = 0.0000E+00 , N = 2 , ρ = NaN )
>>>Group 10 has converged ( ϵ = 0.0000E+00 , N = 2 , ρ = NaN )
>>>Group 11 has converged ( ϵ = 0.0000E+00 , N = 2 , ρ = NaN )
>>>Group 12 has converged ( ϵ = 0.0000E+00 , N = 2 , ρ = NaN )
>>>Group 13 has converged ( ϵ = 0.0000E+00 , N = 2 , ρ = NaN )
>>>Group 14 has converged ( ϵ = 0.0000E+00 , N = 2 , ρ = NaN )
>>>Group 15 has converged ( ϵ = 0.0000E+00 , N = 2 , ρ = NaN )
>>>Group 16 has converged ( ϵ = 0.0000E+00 , N = 2 , ρ = NaN )
>>>Group 17 has converged ( ϵ = 0.0000E+00 , N = 2 , ρ = NaN )
>>>Group 18 has converged ( ϵ = 0.0000E+00 , N = 2 , ρ = NaN )
>>>Group 19 has converged ( ϵ = 0.0000E+00 , N = 2 , ρ = NaN )
>>>Group 20 has converged ( ϵ = 0.0000E+00 , N = 2 , ρ = NaN )
>>>Group 21 has converged ( ϵ = 0.0000E+00 , N = 2 , ρ = NaN )
>>>Group 22 has converged ( ϵ = 0.0000E+00 , N = 2 , ρ = NaN )
>>>Group 23 has converged ( ϵ = 0.0000E+00 , N = 2 , ρ = NaN )
>>>Group 24 has converged ( ϵ = 0.0000E+00 , N = 2 , ρ = NaN )
>>>Group 25 has converged ( ϵ = 0.0000E+00 , N = 2 , ρ = NaN )
>>>Group 26 has converged ( ϵ = 0.0000E+00 , N = 2 , ρ = NaN )
>>>Group 27 has converged ( ϵ = 0.0000E+00 , N = 2 , ρ = NaN )
>>>Group 28 has converged ( ϵ = 0.0000E+00 , N = 2 , ρ = NaN )
>>>Group 29 has converged ( ϵ = 0.0000E+00 , N = 2 , ρ = NaN )
>>>Group 30 has converged ( ϵ = 0.0000E+00 , N = 2 , ρ = NaN )
>>>Group 31 has converged ( ϵ = 0.0000E+00 , N = 2 , ρ = NaN )
>>>Group 32 has converged ( ϵ = 0.0000E+00 , N = 2 , ρ = NaN )
>>>Group 33 has converged ( ϵ = 0.0000E+00 , N = 2 , ρ = NaN )
>>>Group 34 has converged ( ϵ = 0.0000E+00 , N = 2 , ρ = NaN )
>>>Group 35 has converged ( ϵ = 0.0000E+00 , N = 2 , ρ = NaN )
>>>Group 36 has converged ( ϵ = 0.0000E+00 , N = 2 , ρ = NaN )
>>>Group 37 has converged ( ϵ = 0.0000E+00 , N = 2 , ρ = NaN )
>>>Group 38 has converged ( ϵ = 0.0000E+00 , N = 2 , ρ = NaN )
>>>Group 39 has converged ( ϵ = 0.0000E+00 , N = 2 , ρ = NaN )
>>>Group 40 has converged ( ϵ = 0.0000E+00 , N = 2 , ρ = NaN )
>>>Group 41 has converged ( ϵ = 0.0000E+00 , N = 2 , ρ = NaN )
>>>Group 42 has converged ( ϵ = 0.0000E+00 , N = 2 , ρ = NaN )
>>>Group 43 has converged ( ϵ = 0.0000E+00 , N = 2 , ρ = NaN )
>>>Group 44 has converged ( ϵ = 0.0000E+00 , N = 2 , ρ = NaN )
>>>Group 45 has converged ( ϵ = 0.0000E+00 , N = 2 , ρ = NaN )
>>>Group 46 has converged ( ϵ = 0.0000E+00 , N = 2 , ρ = NaN )
>>>Group 47 has converged ( ϵ = 0.0000E+00 , N = 2 , ρ = NaN )
>>>Group 48 has converged ( ϵ = 0.0000E+00 , N = 2 , ρ = NaN )
>>>Group 49 has converged ( ϵ = 0.0000E+00 , N = 2 , ρ = NaN )
>>>Group 50 has converged ( ϵ = 0.0000E+00 , N = 2 , ρ = NaN )
>>>Group 51 has converged ( ϵ = 0.0000E+00 , N = 2 , ρ = NaN )
>>>Group 52 has converged ( ϵ = 0.0000E+00 , N = 2 , ρ = NaN )
>>>Group 53 has converged ( ϵ = 0.0000E+00 , N = 2 , ρ = NaN )
>>>Group 54 has converged ( ϵ = 0.0000E+00 , N = 2 , ρ = NaN )
>>>Group 55 has converged ( ϵ = 0.0000E+00 , N = 2 , ρ = NaN )
>>>Group 56 has converged ( ϵ = 0.0000E+00 , N = 2 , ρ = NaN )
>>>Group 57 has converged ( ϵ = 0.0000E+00 , N = 2 , ρ = NaN )
>>>Group 58 has converged ( ϵ = 0.0000E+00 , N = 2 , ρ = NaN )
>>>Group 59 has converged ( ϵ = 0.0000E+00 , N = 2 , ρ = NaN )
>>>Group 60 has converged ( ϵ = 0.0000E+00 , N = 2 , ρ = NaN )
>>>Group 61 has converged ( ϵ = 0.0000E+00 , N = 2 , ρ = NaN )
>>>Group 62 has converged ( ϵ = 0.0000E+00 , N = 2 , ρ = NaN )
>>>Group 63 has converged ( ϵ = 0.0000E+00 , N = 2 , ρ = NaN )
>>>Group 64 has converged ( ϵ = 0.0000E+00 , N = 2 , ρ = NaN )
>>>Group 65 has converged ( ϵ = 0.0000E+00 , N = 2 , ρ = NaN )
>>>Group 66 has converged ( ϵ = 0.0000E+00 , N = 2 , ρ = NaN )
>>>Group 67 has converged ( ϵ = 0.0000E+00 , N = 2 , ρ = NaN )
>>>Group 68 has converged ( ϵ = 0.0000E+00 , N = 2 , ρ = NaN )
>>>Group 69 has converged ( ϵ = 0.0000E+00 , N = 2 , ρ = NaN )
>>>Group 70 has converged ( ϵ = 0.0000E+00 , N = 2 , ρ = NaN )
>>>Group 71 has converged ( ϵ = 0.0000E+00 , N = 2 , ρ = NaN )
>>>Group 72 has converged ( ϵ = 0.0000E+00 , N = 2 , ρ = NaN )
>>>Group 73 has converged ( ϵ = 0.0000E+00 , N = 2 , ρ = NaN )
>>>Group 74 has converged ( ϵ = 0.0000E+00 , N = 2 , ρ = NaN )
>>>Group 75 has converged ( ϵ = 0.0000E+00 , N = 2 , ρ = NaN )
>>>Group 76 has converged ( ϵ = 0.0000E+00 , N = 2 , ρ = NaN )
>>>Group 77 has converged ( ϵ = 0.0000E+00 , N = 2 , ρ = NaN )
>>>Group 78 has converged ( ϵ = 0.0000E+00 , N = 2 , ρ = NaN )
>>>Group 79 has converged ( ϵ = 0.0000E+00 , N = 2 , ρ = NaN )
>>>Group 80 has converged ( ϵ = 0.0000E+00 , N = 2 , ρ = NaN )
>>>Group 81 has converged ( ϵ = 0.0000E+00 , N = 2 , ρ = NaN )
>>>Group 82 has converged ( ϵ = 0.0000E+00 , N = 2 , ρ = NaN )
>>>Group 83 has converged ( ϵ = 0.0000E+00 , N = 2 , ρ = NaN )
>>>Group 84 has converged ( ϵ = 0.0000E+00 , N = 2 , ρ = NaN )
>>>Group 85 has converged ( ϵ = 0.0000E+00 , N = 2 , ρ = NaN )
>>>Group 86 has converged ( ϵ = 0.0000E+00 , N = 2 , ρ = NaN )
>>>Group 87 has converged ( ϵ = 0.0000E+00 , N = 2 , ρ = NaN )
>>>Group 88 has converged ( ϵ = 0.0000E+00 , N = 2 , ρ = NaN )
>>>Group 89 has converged ( ϵ = 0.0000E+00 , N = 2 , ρ = NaN )
>>>Group 90 has converged ( ϵ = 0.0000E+00 , N = 2 , ρ = NaN )
>>>Group 91 has converged ( ϵ = 0.0000E+00 , N = 2 , ρ = NaN )
>>>Group 92 has converged ( ϵ = 0.0000E+00 , N = 2 , ρ = NaN )
>>>Group 93 has converged ( ϵ = 0.0000E+00 , N = 2 , ρ = NaN )
>>>Group 94 has converged ( ϵ = 0.0000E+00 , N = 2 , ρ = NaN )
>>>Group 95 has converged ( ϵ = 0.0000E+00 , N = 2 , ρ = NaN )
>>>Group 96 has converged ( ϵ = 0.0000E+00 , N = 2 , ρ = NaN )
>>>Group 97 has converged ( ϵ = 0.0000E+00 , N = 2 , ρ = NaN )
>>>Group 98 has converged ( ϵ = 0.0000E+00 , N = 2 , ρ = NaN )
>>>Group 99 has converged ( ϵ = 0.0000E+00 , N = 2 , ρ = NaN )
>>>Group 100 has converged ( ϵ = 0.0000E+00 , N = 2 , ρ = NaN )
>>>Group 101 has converged ( ϵ = 0.0000E+00 , N = 2 , ρ = NaN )
>>>Group 102 has converged ( ϵ = 0.0000E+00 , N = 2 , ρ = NaN )
>>>Group 103 has converged ( ϵ = 0.0000E+00 , N = 2 , ρ = NaN )
>>>Group 104 has converged ( ϵ = 0.0000E+00 , N = 2 , ρ = NaN )
>>>Group 105 has converged ( ϵ = 0.0000E+00 , N = 2 , ρ = NaN )
>>>Group 106 has converged ( ϵ = 0.0000E+00 , N = 2 , ρ = NaN )
>>>Group 107 has converged ( ϵ = 0.0000E+00 , N = 2 , ρ = NaN )
>>>Group 108 has converged ( ϵ = 0.0000E+00 , N = 2 , ρ = NaN )
>>>Group 109 has converged ( ϵ = 0.0000E+00 , N = 2 , ρ = NaN )
>>>Group 110 has converged ( ϵ = 0.0000E+00 , N = 2 , ρ = NaN )
>>>Group 111 has converged ( ϵ = 0.0000E+00 , N = 2 , ρ = NaN )
>>>Group 112 has converged ( ϵ = 0.0000E+00 , N = 2 , ρ = NaN )
>>>Group 113 has converged ( ϵ = 0.0000E+00 , N = 2 , ρ = NaN )
>>>Group 114 has converged ( ϵ = 0.0000E+00 , N = 2 , ρ = NaN )
>>>Group 115 has converged ( ϵ = 0.0000E+00 , N = 2 , ρ = NaN )
>>>Group 116 has converged ( ϵ = 0.0000E+00 , N = 2 , ρ = NaN )
>>>Group 117 has converged ( ϵ = 0.0000E+00 , N = 2 , ρ = NaN )
>>>Group 118 has converged ( ϵ = 0.0000E+00 , N = 2 , ρ = NaN )
>>>Group 119 has converged ( ϵ = 0.0000E+00 , N = 2 , ρ = NaN )
>>>Group 120 has converged ( ϵ = 0.0000E+00 , N = 2 , ρ = NaN )
>>>Group 121 has converged ( ϵ = 0.0000E+00 , N = 2 , ρ = NaN )
>>>Group 122 has converged ( ϵ = 0.0000E+00 , N = 2 , ρ = NaN )
>>>Group 123 has converged ( ϵ = 0.0000E+00 , N = 2 , ρ = NaN )
>>>Group 124 has converged ( ϵ = 0.0000E+00 , N = 2 , ρ = NaN )
>>>Group 125 has converged ( ϵ = 0.0000E+00 , N = 2 , ρ = NaN )
>>>Group 126 has converged ( ϵ = 0.0000E+00 , N = 2 , ρ = NaN )
>>>Group 127 has converged ( ϵ = 0.0000E+00 , N = 2 , ρ = NaN )
>>>Group 128 has converged ( ϵ = 0.0000E+00 , N = 2 , ρ = NaN )
>>>Group 129 has converged ( ϵ = 0.0000E+00 , N = 2 , ρ = NaN )
>>>Group 130 has converged ( ϵ = 0.0000E+00 , N = 2 , ρ = NaN )
>>>Group 131 has converged ( ϵ = 0.0000E+00 , N = 2 , ρ = NaN )
>>>Group 132 has converged ( ϵ = 0.0000E+00 , N = 2 , ρ = NaN )
>>>Group 133 has converged ( ϵ = 0.0000E+00 , N = 2 , ρ = NaN )
>>>Group 134 has converged ( ϵ = 0.0000E+00 , N = 2 , ρ = NaN )
>>>Group 135 has converged ( ϵ = 0.0000E+00 , N = 2 , ρ = NaN )
>>>Group 136 has converged ( ϵ = 0.0000E+00 , N = 2 , ρ = NaN )
>>>Group 137 has converged ( ϵ = 0.0000E+00 , N = 2 , ρ = NaN )
>>>Group 138 has converged ( ϵ = 0.0000E+00 , N = 2 , ρ = NaN )
>>>Group 139 has converged ( ϵ = 0.0000E+00 , N = 2 , ρ = NaN )
>>>Group 140 has converged ( ϵ = 0.0000E+00 , N = 2 , ρ = NaN )
>>>Group 141 has converged ( ϵ = 0.0000E+00 , N = 2 , ρ = NaN )
>>>Group 142 has converged ( ϵ = 0.0000E+00 , N = 2 , ρ = NaN )
>>>Group 143 has converged ( ϵ = 0.0000E+00 , N = 2 , ρ = NaN )
>>>Group 144 has converged ( ϵ = 0.0000E+00 , N = 2 , ρ = NaN )
>>>Group 145 has converged ( ϵ = 0.0000E+00 , N = 2 , ρ = NaN )
>>>Group 146 has converged ( ϵ = 0.0000E+00 , N = 2 , ρ = NaN )
>>>Group 147 has converged ( ϵ = 0.0000E+00 , N = 2 , ρ = NaN )
>>>Group 148 has converged ( ϵ = 0.0000E+00 , N = 2 , ρ = NaN )
>>>Group 149 has converged ( ϵ = 0.0000E+00 , N = 2 , ρ = NaN )
>>>Group 150 has converged ( ϵ = 0.0000E+00 , N = 2 , ρ = NaN )
>>>Group 151 has converged ( ϵ = 0.0000E+00 , N = 2 , ρ = NaN )
>>>Group 152 has converged ( ϵ = 0.0000E+00 , N = 2 , ρ = NaN )
>>>Group 153 has converged ( ϵ = 0.0000E+00 , N = 2 , ρ = NaN )
>>>Group 154 has converged ( ϵ = 0.0000E+00 , N = 2 , ρ = NaN )
>>>Group 155 has converged ( ϵ = 0.0000E+00 , N = 2 , ρ = NaN )
>>>Group 156 has converged ( ϵ = 0.0000E+00 , N = 2 , ρ = NaN )
>>>Group 157 has converged ( ϵ = 0.0000E+00 , N = 2 , ρ = NaN )
>>>Group 158 has converged ( ϵ = 0.0000E+00 , N = 2 , ρ = NaN )
>>>Group 159 has converged ( ϵ = 0.0000E+00 , N = 2 , ρ = NaN )
>>>Group 160 has converged ( ϵ = 0.0000E+00 , N = 2 , ρ = NaN )
>>>Group 161 has converged ( ϵ = 0.0000E+00 , N = 2 , ρ = NaN )
>>>Group 162 has converged ( ϵ = 0.0000E+00 , N = 2 , ρ = NaN )
>>>Group 163 has converged ( ϵ = 0.0000E+00 , N = 2 , ρ = NaN )
>>>Group 164 has converged ( ϵ = 0.0000E+00 , N = 2 , ρ = NaN )
>>>Group 165 has converged ( ϵ = 0.0000E+00 , N = 2 , ρ = NaN )
>>>Group 166 has converged ( ϵ = 0.0000E+00 , N = 2 , ρ = NaN )
>>>Group 167 has converged ( ϵ = 0.0000E+00 , N = 2 , ρ = NaN )
>>>Group 168 has converged ( ϵ = 0.0000E+00 , N = 2 , ρ = NaN )
>>>Group 169 has converged ( ϵ = 0.0000E+00 , N = 2 , ρ = NaN )
>>>Group 170 has converged ( ϵ = 0.0000E+00 , N = 2 , ρ = NaN )
>>>Group 171 has converged ( ϵ = 0.0000E+00 , N = 2 , ρ = NaN )
>>>Group 172 has converged ( ϵ = 0.0000E+00 , N = 2 , ρ = NaN )
>>>Group 173 has converged ( ϵ = 0.0000E+00 , N = 2 , ρ = NaN )
>>>Group 174 has converged ( ϵ = 0.0000E+00 , N = 2 , ρ = NaN )
>>>Group 175 has converged ( ϵ = 0.0000E+00 , N = 2 , ρ = NaN )
>>>Group 176 has converged ( ϵ = 0.0000E+00 , N = 2 , ρ = NaN )
>>>Group 177 has converged ( ϵ = 0.0000E+00 , N = 2 , ρ = NaN )
>>>Group 178 has converged ( ϵ = 0.0000E+00 , N = 2 , ρ = NaN )
>>>Group 179 has converged ( ϵ = 0.0000E+00 , N = 2 , ρ = NaN )
>>>Group 180 has converged ( ϵ = 0.0000E+00 , N = 2 , ρ = NaN )
>>>Group 181 has converged ( ϵ = 0.0000E+00 , N = 2 , ρ = NaN )
>>>Group 182 has converged ( ϵ = 0.0000E+00 , N = 2 , ρ = NaN )
>>>Group 183 has converged ( ϵ = 0.0000E+00 , N = 2 , ρ = NaN )
>>>Group 184 has converged ( ϵ = 0.0000E+00 , N = 2 , ρ = NaN )
>>>Group 185 has converged ( ϵ = 0.0000E+00 , N = 2 , ρ = NaN )
>>>Group 186 has converged ( ϵ = 0.0000E+00 , N = 2 , ρ = NaN )
>>>Group 187 has converged ( ϵ = 0.0000E+00 , N = 2 , ρ = NaN )
>>>Group 188 has converged ( ϵ = 0.0000E+00 , N = 2 , ρ = NaN )
>>>Group 189 has converged ( ϵ = 0.0000E+00 , N = 2 , ρ = NaN )
>>>Group 190 has converged ( ϵ = 0.0000E+00 , N = 2 , ρ = NaN )
>>>Group 191 has converged ( ϵ = 0.0000E+00 , N = 2 , ρ = NaN )
>>>Group 192 has converged ( ϵ = 0.0000E+00 , N = 2 , ρ = NaN )
>>>Group 193 has converged ( ϵ = 0.0000E+00 , N = 2 , ρ = NaN )
>>>Group 194 has converged ( ϵ = 0.0000E+00 , N = 2 , ρ = NaN )
>>>Group 195 has converged ( ϵ = 0.0000E+00 , N = 2 , ρ = NaN )
>>>Group 196 has converged ( ϵ = 0.0000E+00 , N = 2 , ρ = NaN )
>>>Group 197 has converged ( ϵ = 0.0000E+00 , N = 2 , ρ = NaN )
>>>Group 198 has converged ( ϵ = 0.0000E+00 , N = 2 , ρ = NaN )
>>>Group 199 has converged ( ϵ = 0.0000E+00 , N = 2 , ρ = NaN )
>>>Group 200 has converged ( ϵ = 0.0000E+00 , N = 2 , ρ = NaN )
>>>Group 201 has converged ( ϵ = 0.0000E+00 , N = 2 , ρ = NaN )
>>>Group 202 has converged ( ϵ = 0.0000E+00 , N = 2 , ρ = NaN )
>>>Group 203 has converged ( ϵ = 0.0000E+00 , N = 2 , ρ = NaN )
>>>Group 204 has converged ( ϵ = 0.0000E+00 , N = 2 , ρ = NaN )
>>>Group 205 has converged ( ϵ = 0.0000E+00 , N = 2 , ρ = NaN )
>>>Group 206 has converged ( ϵ = 0.0000E+00 , N = 2 , ρ = NaN )
>>>Group 207 has converged ( ϵ = 0.0000E+00 , N = 2 , ρ = NaN )
>>>Group 208 has converged ( ϵ = 0.0000E+00 , N = 2 , ρ = NaN )
>>>Group 209 has converged ( ϵ = 0.0000E+00 , N = 2 , ρ = NaN )
>>>Group 210 has converged ( ϵ = 0.0000E+00 , N = 2 , ρ = NaN )
>>>Group 211 has converged ( ϵ = 0.0000E+00 , N = 2 , ρ = NaN )
>>>Group 212 has converged ( ϵ = 0.0000E+00 , N = 2 , ρ = NaN )
>>>Group 213 has converged ( ϵ = 9.9766E-08 , N = 1 , ρ = NaN )
>>>Group 214 has converged ( ϵ = 5.9084E-08 , N = 1 , ρ = NaN )
>>>Group 215 has converged ( ϵ = 3.4953E-08 , N = 1 , ρ = NaN )
>>>Group 216 has converged ( ϵ = 2.0656E-08 , N = 1 , ρ = NaN )
>>>Group 217 has converged ( ϵ = 1.2194E-08 , N = 1 , ρ = NaN )
>>>Group 218 has converged ( ϵ = 7.1914E-09 , N = 1 , ρ = NaN )
>>>Group 219 has converged ( ϵ = 4.2367E-09 , N = 1 , ρ = NaN )
>>>Group 220 has converged ( ϵ = 2.4935E-09 , N = 1 , ρ = NaN )
>>>Group 221 has converged ( ϵ = 1.4660E-09 , N = 1 , ρ = NaN )
>>>Group 222 has converged ( ϵ = 8.6111E-10 , N = 1 , ρ = NaN )
>>>Group 223 has converged ( ϵ = 5.0530E-10 , N = 1 , ρ = NaN )
>>>Group 224 has converged ( ϵ = 2.9622E-10 , N = 1 , ρ = NaN )
>>>Group 225 has converged ( ϵ = 1.7349E-10 , N = 1 , ρ = NaN )
>>>Group 226 has converged ( ϵ = 1.0151E-10 , N = 1 , ρ = NaN )
>>>Group 227 has converged ( ϵ = 5.9341E-11 , N = 1 , ρ = NaN )
>>>Group 228 has converged ( ϵ = 3.4657E-11 , N = 1 , ρ = NaN )
>>>Group 229 has converged ( ϵ = 2.0223E-11 , N = 1 , ρ = NaN )
>>>Group 230 has converged ( ϵ = 1.1789E-11 , N = 1 , ρ = NaN )
>>>Group 231 has converged ( ϵ = 6.8667E-12 , N = 1 , ρ = NaN )
>>>Group 232 has converged ( ϵ = 3.9960E-12 , N = 1 , ρ = NaN )
>>>Group 233 has converged ( ϵ = 2.3234E-12 , N = 1 , ρ = NaN )
>>>Group 234 has converged ( ϵ = 1.3497E-12 , N = 1 , ρ = NaN )
>>>Group 235 has converged ( ϵ = 7.8341E-13 , N = 1 , ρ = NaN )
>>>Group 236 has converged ( ϵ = 4.5433E-13 , N = 1 , ρ = NaN )
>>>Group 237 has converged ( ϵ = 2.6326E-13 , N = 1 , ρ = NaN )
>>>Group 238 has converged ( ϵ = 1.5242E-13 , N = 1 , ρ = NaN )
>>>Group 239 has converged ( ϵ = 8.8174E-14 , N = 1 , ρ = NaN )
>>>Group 240 has converged ( ϵ = 5.0967E-14 , N = 1 , ρ = NaN )
>>>Group 241 has converged ( ϵ = 2.9437E-14 , N = 1 , ρ = NaN )
>>>Group 242 has converged ( ϵ = 1.6988E-14 , N = 1 , ρ = NaN )
>>>Group 243 has converged ( ϵ = 9.7960E-15 , N = 1 , ρ = NaN )
>>>Group 244 has converged ( ϵ = 5.6444E-15 , N = 1 , ρ = NaN )
>>>Group 245 has converged ( ϵ = 3.2498E-15 , N = 1 , ρ = NaN )
>>>Group 246 has converged ( ϵ = 1.8697E-15 , N = 1 , ρ = NaN )
>>>Group 247 has converged ( ϵ = 1.0748E-15 , N = 1 , ρ = NaN )
>>>Group 248 has converged ( ϵ = 6.1743E-16 , N = 1 , ρ = NaN )
>>>Group 249 has converged ( ϵ = 3.5442E-16 , N = 1 , ρ = NaN )
>>>Group 250 has converged ( ϵ = 2.0330E-16 , N = 1 , ρ = NaN )
>>>Group 251 has converged ( ϵ = 1.1653E-16 , N = 1 , ρ = NaN )
>>>Group 252 has converged ( ϵ = 6.6744E-17 , N = 1 , ρ = NaN )
>>>Group 253 has converged ( ϵ = 3.8202E-17 , N = 1 , ρ = NaN )
>>>Group 254 has converged ( ϵ = 2.1850E-17 , N = 1 , ρ = NaN )
>>>Group 255 has converged ( ϵ = 1.2489E-17 , N = 1 , ρ = NaN )
>>>Group 256 has converged ( ϵ = 7.1333E-18 , N = 1 , ρ = NaN )
>>>Group 257 has converged ( ϵ = 4.0715E-18 , N = 1 , ρ = NaN )
>>>Group 258 has converged ( ϵ = 2.3224E-18 , N = 1 , ρ = NaN )
>>>Group 259 has converged ( ϵ = 1.3238E-18 , N = 1 , ρ = NaN )
>>>Group 260 has converged ( ϵ = 7.5407E-19 , N = 1 , ρ = NaN )
>>>Group 261 has converged ( ϵ = 4.2926E-19 , N = 1 , ρ = NaN )
>>>Group 262 has converged ( ϵ = 2.4420E-19 , N = 1 , ρ = NaN )
>>>Group 263 has converged ( ϵ = 1.3883E-19 , N = 1 , ρ = NaN )
>>>Group 264 has converged ( ϵ = 7.8880E-20 , N = 1 , ρ = NaN )
>>>Group 265 has converged ( ϵ = 4.4788E-20 , N = 1 , ρ = NaN )
>>>Group 266 has converged ( ϵ = 2.5415E-20 , N = 1 , ρ = NaN )
>>>Group 267 has converged ( ϵ = 1.4412E-20 , N = 1 , ρ = NaN )
>>>Group 268 has converged ( ϵ = 8.1681E-21 , N = 1 , ρ = NaN )
>>>Group 269 has converged ( ϵ = 4.6264E-21 , N = 1 , ρ = NaN )
>>>Group 270 has converged ( ϵ = 2.6188E-21 , N = 1 , ρ = NaN )
>>>Group 271 has converged ( ϵ = 1.4815E-21 , N = 1 , ρ = NaN )
>>>Group 272 has converged ( ϵ = 8.3760E-22 , N = 1 , ρ = NaN )
>>>Group 273 has converged ( ϵ = 4.7329E-22 , N = 1 , ρ = NaN )
>>>Group 274 has converged ( ϵ = 2.6727E-22 , N = 1 , ρ = NaN )
>>>Group 275 has converged ( ϵ = 1.5085E-22 , N = 1 , ρ = NaN )
>>>Group 276 has converged ( ϵ = 8.5090E-23 , N = 1 , ρ = NaN )
>>>Group 277 has converged ( ϵ = 4.7970E-23 , N = 1 , ρ = NaN )
>>>Group 278 has converged ( ϵ = 2.7028E-23 , N = 1 , ρ = NaN )
>>>Group 279 has converged ( ϵ = 1.5220E-23 , N = 1 , ρ = NaN )
>>>Group 280 has converged ( ϵ = 8.5661E-24 , N = 1 , ρ = NaN )
>>>Group 281 has converged ( ϵ = 4.8185E-24 , N = 1 , ρ = NaN )
>>>Group 282 has converged ( ϵ = 2.7090E-24 , N = 1 , ρ = NaN )
>>>Group 283 has converged ( ϵ = 1.5222E-24 , N = 1 , ρ = NaN )
>>>Group 284 has converged ( ϵ = 8.5487E-25 , N = 1 , ρ = NaN )
>>>Group 285 has converged ( ϵ = 4.7985E-25 , N = 1 , ρ = NaN )
>>>Group 286 has converged ( ϵ = 2.6920E-25 , N = 1 , ρ = NaN )
>>>Group 287 has converged ( ϵ = 1.5095E-25 , N = 1 , ρ = NaN )
>>>Group 288 has converged ( ϵ = 8.4598E-26 , N = 1 , ρ = NaN )
>>>Group 289 has converged ( ϵ = 4.7388E-26 , N = 1 , ρ = NaN )
>>>Group 290 has converged ( ϵ = 2.6531E-26 , N = 1 , ρ = NaN )
>>>Group 291 has converged ( ϵ = 1.4847E-26 , N = 1 , ρ = NaN )
>>>Group 292 has converged ( ϵ = 8.3041E-27 , N = 1 , ρ = NaN )
>>>Group 293 has converged ( ϵ = 4.6423E-27 , N = 1 , ρ = NaN )
>>>Group 294 has converged ( ϵ = 2.5940E-27 , N = 1 , ρ = NaN )
>>>Group 295 has converged ( ϵ = 1.4488E-27 , N = 1 , ρ = NaN )
>>>Group 296 has converged ( ϵ = 8.0875E-28 , N = 1 , ρ = NaN )
>>>Group 297 has converged ( ϵ = 4.5126E-28 , N = 1 , ρ = NaN )
>>>Group 298 has converged ( ϵ = 2.5167E-28 , N = 1 , ρ = NaN )
>>>Group 299 has converged ( ϵ = 1.4029E-28 , N = 1 , ρ = NaN )
>>>Group 300 has converged ( ϵ = 7.8171E-29 , N = 1 , ρ = NaN )
>>>Group 301 has converged ( ϵ = 4.3537E-29 , N = 1 , ρ = NaN )
>>>Group 302 has converged ( ϵ = 2.4236E-29 , N = 1 , ρ = NaN )
>>>Group 303 has converged ( ϵ = 1.3486E-29 , N = 1 , ρ = NaN )
>>>Group 304 has converged ( ϵ = 7.5007E-30 , N = 1 , ρ = NaN )
>>>Group 305 has converged ( ϵ = 4.1699E-30 , N = 1 , ρ = NaN )
>>>Group 306 has converged ( ϵ = 2.3172E-30 , N = 1 , ρ = NaN )
>>>Group 307 has converged ( ϵ = 1.2871E-30 , N = 1 , ρ = NaN )
>>>Group 308 has converged ( ϵ = 7.1463E-31 , N = 1 , ρ = NaN )
>>>Group 309 has converged ( ϵ = 3.9660E-31 , N = 1 , ρ = NaN )
>>>Group 310 has converged ( ϵ = 2.2001E-31 , N = 1 , ρ = NaN )
>>>Group 311 has converged ( ϵ = 1.2200E-31 , N = 1 , ρ = NaN )
>>>Group 312 has converged ( ϵ = 6.7622E-32 , N = 1 , ρ = NaN )
>>>Group 313 has converged ( ϵ = 3.7466E-32 , N = 1 , ρ = NaN )
>>>Group 314 has converged ( ϵ = 2.0750E-32 , N = 1 , ρ = NaN )
>>>Group 315 has converged ( ϵ = 1.1487E-32 , N = 1 , ρ = NaN )
>>>Group 316 has converged ( ϵ = 6.3566E-33 , N = 1 , ρ = NaN )
>>>Group 317 has converged ( ϵ = 3.5162E-33 , N = 1 , ρ = NaN )
>>>Group 318 has converged ( ϵ = 1.9442E-33 , N = 1 , ρ = NaN )
>>>Group 319 has converged ( ϵ = 1.0746E-33 , N = 1 , ρ = NaN )
>>>Group 320 has converged ( ϵ = 5.9371E-34 , N = 1 , ρ = NaN )
>>>Group 321 has converged ( ϵ = 3.2790E-34 , N = 1 , ρ = NaN )
>>>Group 322 has converged ( ϵ = 1.8102E-34 , N = 1 , ρ = NaN )
>>>Group 323 has converged ( ϵ = 9.9900E-35 , N = 1 , ρ = NaN )
>>>Group 324 has converged ( ϵ = 5.5110E-35 , N = 1 , ρ = NaN )
>>>Group 325 has converged ( ϵ = 3.0390E-35 , N = 1 , ρ = NaN )
>>>Group 326 has converged ( ϵ = 1.6752E-35 , N = 1 , ρ = NaN )
>>>Group 327 has converged ( ϵ = 9.2312E-36 , N = 1 , ρ = NaN )
>>>Group 328 has converged ( ϵ = 5.0849E-36 , N = 1 , ρ = NaN )
>>>Group 329 has converged ( ϵ = 2.7999E-36 , N = 1 , ρ = NaN )
>>>Group 330 has converged ( ϵ = 1.5412E-36 , N = 1 , ρ = NaN )
>>>Group 331 has converged ( ϵ = 8.4802E-37 , N = 1 , ρ = NaN )
>>>Group 332 has converged ( ϵ = 4.6645E-37 , N = 1 , ρ = NaN )
>>>Group 333 has converged ( ϵ = 2.5648E-37 , N = 1 , ρ = NaN )
>>>Group 334 has converged ( ϵ = 1.4098E-37 , N = 1 , ρ = NaN )
>>>Group 335 has converged ( ϵ = 7.7462E-38 , N = 1 , ρ = NaN )
>>>Group 336 has converged ( ϵ = 4.2548E-38 , N = 1 , ρ = NaN )
>>>Group 337 has converged ( ϵ = 2.3363E-38 , N = 1 , ρ = NaN )
>>>Group 338 has converged ( ϵ = 1.2824E-38 , N = 1 , ρ = NaN )
>>>Group 339 has converged ( ϵ = 7.0369E-39 , N = 1 , ρ = NaN )
>>>Group 340 has converged ( ϵ = 3.8600E-39 , N = 1 , ρ = NaN )
>>>Group 341 has converged ( ϵ = 2.1167E-39 , N = 1 , ρ = NaN )
>>>Group 342 has converged ( ϵ = 1.1603E-39 , N = 1 , ρ = NaN )
>>>Group 343 has converged ( ϵ = 6.3585E-40 , N = 1 , ρ = NaN )
>>>Group 344 has converged ( ϵ = 3.4833E-40 , N = 1 , ρ = NaN )
>>>Group 345 has converged ( ϵ = 1.9076E-40 , N = 1 , ρ = NaN )
>>>Group 346 has converged ( ϵ = 1.0444E-40 , N = 1 , ρ = NaN )
>>>Group 347 has converged ( ϵ = 5.7158E-41 , N = 1 , ρ = NaN )
>>>Group 348 has converged ( ϵ = 3.1273E-41 , N = 1 , ρ = NaN )
>>>Group 349 has converged ( ϵ = 1.7105E-41 , N = 1 , ρ = NaN )
>>>Group 350 has converged ( ϵ = 9.3528E-42 , N = 1 , ρ = NaN )
>>>Group 351 has converged ( ϵ = 5.1124E-42 , N = 1 , ρ = NaN )
>>>Group 352 has converged ( ϵ = 2.7937E-42 , N = 1 , ρ = NaN )
>>>Group 353 has converged ( ϵ = 1.5262E-42 , N = 1 , ρ = NaN )
>>>Group 354 has converged ( ϵ = 8.3348E-43 , N = 1 , ρ = NaN )
>>>Group 355 has converged ( ϵ = 4.5505E-43 , N = 1 , ρ = NaN )
>>>Group 356 has converged ( ϵ = 2.4837E-43 , N = 1 , ρ = NaN )
>>>Group 357 has converged ( ϵ = 1.3552E-43 , N = 1 , ρ = NaN )
>>>Group 358 has converged ( ϵ = 7.3923E-44 , N = 1 , ρ = NaN )
>>>Group 359 has converged ( ϵ = 4.0312E-44 , N = 1 , ρ = NaN )
>>>Group 360 has converged ( ϵ = 2.1977E-44 , N = 1 , ρ = NaN )
>>>Group 361 has converged ( ϵ = 1.1978E-44 , N = 1 , ρ = NaN )
>>>Group 362 has converged ( ϵ = 6.5262E-45 , N = 1 , ρ = NaN )
>>>Group 363 has converged ( ϵ = 3.5549E-45 , N = 1 , ρ = NaN )
>>>Group 364 has converged ( ϵ = 1.9358E-45 , N = 1 , ρ = NaN )
>>>Group 365 has converged ( ϵ = 1.0539E-45 , N = 1 , ρ = NaN )
>>>Group 366 has converged ( ϵ = 5.7357E-46 , N = 1 , ρ = NaN )
>>>Group 367 has converged ( ϵ = 3.1209E-46 , N = 1 , ρ = NaN )
>>>Group 368 has converged ( ϵ = 1.6976E-46 , N = 1 , ρ = NaN )
>>>Group 369 has converged ( ϵ = 9.2319E-47 , N = 1 , ρ = NaN )
>>>Group 370 has converged ( ϵ = 5.0191E-47 , N = 1 , ρ = NaN )
>>>Group 371 has converged ( ϵ = 2.7280E-47 , N = 1 , ρ = NaN )
>>>Group 372 has converged ( ϵ = 1.4824E-47 , N = 1 , ρ = NaN )
>>>Group 373 has converged ( ϵ = 8.0528E-48 , N = 1 , ρ = NaN )
>>>Group 374 has converged ( ϵ = 4.3735E-48 , N = 1 , ρ = NaN )
>>>Group 375 has converged ( ϵ = 2.3746E-48 , N = 1 , ρ = NaN )
>>>Group 376 has converged ( ϵ = 1.2890E-48 , N = 1 , ρ = NaN )
>>>Group 377 has converged ( ϵ = 6.9952E-49 , N = 1 , ρ = NaN )
>>>Group 378 has converged ( ϵ = 3.7952E-49 , N = 1 , ρ = NaN )
>>>Group 379 has converged ( ϵ = 2.0586E-49 , N = 1 , ρ = NaN )
>>>Group 380 has converged ( ϵ = 1.1163E-49 , N = 1 , ρ = NaN )
>>>Group 381 has converged ( ϵ = 6.0522E-50 , N = 1 , ρ = NaN )
>>>Group 382 has converged ( ϵ = 3.2804E-50 , N = 1 , ρ = NaN )
>>>Group 383 has converged ( ϵ = 1.7776E-50 , N = 1 , ρ = NaN )
>>>Group 384 has converged ( ϵ = 9.6303E-51 , N = 1 , ρ = NaN )
>>>Group 385 has converged ( ϵ = 5.2160E-51 , N = 1 , ρ = NaN )
>>>Group 386 has converged ( ϵ = 2.8245E-51 , N = 1 , ρ = NaN )
>>>Group 387 has converged ( ϵ = 1.5291E-51 , N = 1 , ρ = NaN )
>>>Group 388 has converged ( ϵ = 8.2762E-52 , N = 1 , ρ = NaN )
>>>Group 389 has converged ( ϵ = 4.4784E-52 , N = 1 , ρ = NaN )
>>>Group 390 has converged ( ϵ = 2.4228E-52 , N = 1 , ρ = NaN )
>>>Group 391 has converged ( ϵ = 1.3104E-52 , N = 1 , ρ = NaN )
>>>Group 392 has converged ( ϵ = 7.0863E-53 , N = 1 , ρ = NaN )
>>>Group 393 has converged ( ϵ = 3.8311E-53 , N = 1 , ρ = NaN )
>>>Group 394 has converged ( ϵ = 2.0707E-53 , N = 1 , ρ = NaN )
>>>Group 395 has converged ( ϵ = 1.1190E-53 , N = 1 , ρ = NaN )
>>>Group 396 has converged ( ϵ = 6.0457E-54 , N = 1 , ρ = NaN )
>>>Group 397 has converged ( ϵ = 3.2656E-54 , N = 1 , ρ = NaN )
>>>Group 398 has converged ( ϵ = 1.7635E-54 , N = 1 , ρ = NaN )
>>>Group 399 has converged ( ϵ = 9.5217E-55 , N = 1 , ρ = NaN )
>>>Group 400 has converged ( ϵ = 5.1398E-55 , N = 1 , ρ = NaN )
>>>Group 401 has converged ( ϵ = 2.7739E-55 , N = 1 , ρ = NaN )
E=100.00000 MeV nvox=32 ng=400 Al=0.132773942 Cu=0.37650629 solve=3.918 s PHYSICAL_CANDIDATE
>>>Particle: Proton <<<
>>>Group 1 has converged ( ϵ = 0.0000E+00 , N = 2 , ρ = NaN )
>>>Group 2 has converged ( ϵ = 0.0000E+00 , N = 2 , ρ = NaN )
>>>Group 3 has converged ( ϵ = 0.0000E+00 , N = 2 , ρ = NaN )
>>>Group 4 has converged ( ϵ = 0.0000E+00 , N = 2 , ρ = NaN )
>>>Group 5 has converged ( ϵ = 0.0000E+00 , N = 2 , ρ = NaN )
>>>Group 6 has converged ( ϵ = 0.0000E+00 , N = 2 , ρ = NaN )
>>>Group 7 has converged ( ϵ = 0.0000E+00 , N = 2 , ρ = NaN )
>>>Group 8 has converged ( ϵ = 0.0000E+00 , N = 2 , ρ = NaN )
>>>Group 9 has converged ( ϵ = 0.0000E+00 , N = 2 , ρ = NaN )
>>>Group 10 has converged ( ϵ = 0.0000E+00 , N = 2 , ρ = NaN )
>>>Group 11 has converged ( ϵ = 0.0000E+00 , N = 2 , ρ = NaN )
>>>Group 12 has converged ( ϵ = 0.0000E+00 , N = 2 , ρ = NaN )
>>>Group 13 has converged ( ϵ = 0.0000E+00 , N = 2 , ρ = NaN )
>>>Group 14 has converged ( ϵ = 0.0000E+00 , N = 2 , ρ = NaN )
>>>Group 15 has converged ( ϵ = 0.0000E+00 , N = 2 , ρ = NaN )
>>>Group 16 has converged ( ϵ = 0.0000E+00 , N = 2 , ρ = NaN )
>>>Group 17 has converged ( ϵ = 0.0000E+00 , N = 2 , ρ = NaN )
>>>Group 18 has converged ( ϵ = 0.0000E+00 , N = 2 , ρ = NaN )
>>>Group 19 has converged ( ϵ = 0.0000E+00 , N = 2 , ρ = NaN )
>>>Group 20 has converged ( ϵ = 0.0000E+00 , N = 2 , ρ = NaN )
>>>Group 21 has converged ( ϵ = 0.0000E+00 , N = 2 , ρ = NaN )
>>>Group 22 has converged ( ϵ = 0.0000E+00 , N = 2 , ρ = NaN )
>>>Group 23 has converged ( ϵ = 0.0000E+00 , N = 2 , ρ = NaN )
>>>Group 24 has converged ( ϵ = 0.0000E+00 , N = 2 , ρ = NaN )
>>>Group 25 has converged ( ϵ = 0.0000E+00 , N = 2 , ρ = NaN )
>>>Group 26 has converged ( ϵ = 0.0000E+00 , N = 2 , ρ = NaN )
>>>Group 27 has converged ( ϵ = 0.0000E+00 , N = 2 , ρ = NaN )
>>>Group 28 has converged ( ϵ = 0.0000E+00 , N = 2 , ρ = NaN )
>>>Group 29 has converged ( ϵ = 0.0000E+00 , N = 2 , ρ = NaN )
>>>Group 30 has converged ( ϵ = 0.0000E+00 , N = 2 , ρ = NaN )
>>>Group 31 has converged ( ϵ = 0.0000E+00 , N = 2 , ρ = NaN )
>>>Group 32 has converged ( ϵ = 0.0000E+00 , N = 2 , ρ = NaN )
>>>Group 33 has converged ( ϵ = 0.0000E+00 , N = 2 , ρ = NaN )
>>>Group 34 has converged ( ϵ = 0.0000E+00 , N = 2 , ρ = NaN )
>>>Group 35 has converged ( ϵ = 0.0000E+00 , N = 2 , ρ = NaN )
>>>Group 36 has converged ( ϵ = 0.0000E+00 , N = 2 , ρ = NaN )
>>>Group 37 has converged ( ϵ = 0.0000E+00 , N = 2 , ρ = NaN )
>>>Group 38 has converged ( ϵ = 0.0000E+00 , N = 2 , ρ = NaN )
>>>Group 39 has converged ( ϵ = 0.0000E+00 , N = 2 , ρ = NaN )
>>>Group 40 has converged ( ϵ = 0.0000E+00 , N = 2 , ρ = NaN )
>>>Group 41 has converged ( ϵ = 0.0000E+00 , N = 2 , ρ = NaN )
>>>Group 42 has converged ( ϵ = 0.0000E+00 , N = 2 , ρ = NaN )
>>>Group 43 has converged ( ϵ = 0.0000E+00 , N = 2 , ρ = NaN )
>>>Group 44 has converged ( ϵ = 0.0000E+00 , N = 2 , ρ = NaN )
>>>Group 45 has converged ( ϵ = 0.0000E+00 , N = 2 , ρ = NaN )
>>>Group 46 has converged ( ϵ = 0.0000E+00 , N = 2 , ρ = NaN )
>>>Group 47 has converged ( ϵ = 0.0000E+00 , N = 2 , ρ = NaN )
>>>Group 48 has converged ( ϵ = 0.0000E+00 , N = 2 , ρ = NaN )
>>>Group 49 has converged ( ϵ = 0.0000E+00 , N = 2 , ρ = NaN )
>>>Group 50 has converged ( ϵ = 0.0000E+00 , N = 2 , ρ = NaN )
>>>Group 51 has converged ( ϵ = 0.0000E+00 , N = 2 , ρ = NaN )
>>>Group 52 has converged ( ϵ = 0.0000E+00 , N = 2 , ρ = NaN )
>>>Group 53 has converged ( ϵ = 0.0000E+00 , N = 2 , ρ = NaN )
>>>Group 54 has converged ( ϵ = 0.0000E+00 , N = 2 , ρ = NaN )
>>>Group 55 has converged ( ϵ = 0.0000E+00 , N = 2 , ρ = NaN )
>>>Group 56 has converged ( ϵ = 0.0000E+00 , N = 2 , ρ = NaN )
>>>Group 57 has converged ( ϵ = 0.0000E+00 , N = 2 , ρ = NaN )
>>>Group 58 has converged ( ϵ = 0.0000E+00 , N = 2 , ρ = NaN )
>>>Group 59 has converged ( ϵ = 0.0000E+00 , N = 2 , ρ = NaN )
>>>Group 60 has converged ( ϵ = 0.0000E+00 , N = 2 , ρ = NaN )
>>>Group 61 has converged ( ϵ = 0.0000E+00 , N = 2 , ρ = NaN )
>>>Group 62 has converged ( ϵ = 0.0000E+00 , N = 2 , ρ = NaN )
>>>Group 63 has converged ( ϵ = 0.0000E+00 , N = 2 , ρ = NaN )
>>>Group 64 has converged ( ϵ = 0.0000E+00 , N = 2 , ρ = NaN )
>>>Group 65 has converged ( ϵ = 0.0000E+00 , N = 2 , ρ = NaN )
>>>Group 66 has converged ( ϵ = 0.0000E+00 , N = 2 , ρ = NaN )
>>>Group 67 has converged ( ϵ = 0.0000E+00 , N = 2 , ρ = NaN )
>>>Group 68 has converged ( ϵ = 0.0000E+00 , N = 2 , ρ = NaN )
>>>Group 69 has converged ( ϵ = 0.0000E+00 , N = 2 , ρ = NaN )
>>>Group 70 has converged ( ϵ = 0.0000E+00 , N = 2 , ρ = NaN )
>>>Group 71 has converged ( ϵ = 0.0000E+00 , N = 2 , ρ = NaN )
>>>Group 72 has converged ( ϵ = 0.0000E+00 , N = 2 , ρ = NaN )
>>>Group 73 has converged ( ϵ = 0.0000E+00 , N = 2 , ρ = NaN )
>>>Group 74 has converged ( ϵ = 0.0000E+00 , N = 2 , ρ = NaN )
>>>Group 75 has converged ( ϵ = 0.0000E+00 , N = 2 , ρ = NaN )
>>>Group 76 has converged ( ϵ = 0.0000E+00 , N = 2 , ρ = NaN )
>>>Group 77 has converged ( ϵ = 0.0000E+00 , N = 2 , ρ = NaN )
>>>Group 78 has converged ( ϵ = 0.0000E+00 , N = 2 , ρ = NaN )
>>>Group 79 has converged ( ϵ = 0.0000E+00 , N = 2 , ρ = NaN )
>>>Group 80 has converged ( ϵ = 0.0000E+00 , N = 2 , ρ = NaN )
>>>Group 81 has converged ( ϵ = 0.0000E+00 , N = 2 , ρ = NaN )
>>>Group 82 has converged ( ϵ = 0.0000E+00 , N = 2 , ρ = NaN )
>>>Group 83 has converged ( ϵ = 0.0000E+00 , N = 2 , ρ = NaN )
>>>Group 84 has converged ( ϵ = 0.0000E+00 , N = 2 , ρ = NaN )
>>>Group 85 has converged ( ϵ = 0.0000E+00 , N = 2 , ρ = NaN )
>>>Group 86 has converged ( ϵ = 0.0000E+00 , N = 2 , ρ = NaN )
>>>Group 87 has converged ( ϵ = 0.0000E+00 , N = 2 , ρ = NaN )
>>>Group 88 has converged ( ϵ = 0.0000E+00 , N = 2 , ρ = NaN )
>>>Group 89 has converged ( ϵ = 0.0000E+00 , N = 2 , ρ = NaN )
>>>Group 90 has converged ( ϵ = 0.0000E+00 , N = 2 , ρ = NaN )
>>>Group 91 has converged ( ϵ = 0.0000E+00 , N = 2 , ρ = NaN )
>>>Group 92 has converged ( ϵ = 0.0000E+00 , N = 2 , ρ = NaN )
>>>Group 93 has converged ( ϵ = 0.0000E+00 , N = 2 , ρ = NaN )
>>>Group 94 has converged ( ϵ = 0.0000E+00 , N = 2 , ρ = NaN )
>>>Group 95 has converged ( ϵ = 0.0000E+00 , N = 2 , ρ = NaN )
>>>Group 96 has converged ( ϵ = 0.0000E+00 , N = 2 , ρ = NaN )
>>>Group 97 has converged ( ϵ = 0.0000E+00 , N = 2 , ρ = NaN )
>>>Group 98 has converged ( ϵ = 0.0000E+00 , N = 2 , ρ = NaN )
>>>Group 99 has converged ( ϵ = 0.0000E+00 , N = 2 , ρ = NaN )
>>>Group 100 has converged ( ϵ = 0.0000E+00 , N = 2 , ρ = NaN )
>>>Group 101 has converged ( ϵ = 0.0000E+00 , N = 2 , ρ = NaN )
>>>Group 102 has converged ( ϵ = 0.0000E+00 , N = 2 , ρ = NaN )
>>>Group 103 has converged ( ϵ = 0.0000E+00 , N = 2 , ρ = NaN )
>>>Group 104 has converged ( ϵ = 0.0000E+00 , N = 2 , ρ = NaN )
>>>Group 105 has converged ( ϵ = 0.0000E+00 , N = 2 , ρ = NaN )
>>>Group 106 has converged ( ϵ = 0.0000E+00 , N = 2 , ρ = NaN )
>>>Group 107 has converged ( ϵ = 0.0000E+00 , N = 2 , ρ = NaN )
>>>Group 108 has converged ( ϵ = 0.0000E+00 , N = 2 , ρ = NaN )
>>>Group 109 has converged ( ϵ = 0.0000E+00 , N = 2 , ρ = NaN )
>>>Group 110 has converged ( ϵ = 0.0000E+00 , N = 2 , ρ = NaN )
>>>Group 111 has converged ( ϵ = 0.0000E+00 , N = 2 , ρ = NaN )
>>>Group 112 has converged ( ϵ = 0.0000E+00 , N = 2 , ρ = NaN )
>>>Group 113 has converged ( ϵ = 0.0000E+00 , N = 2 , ρ = NaN )
>>>Group 114 has converged ( ϵ = 0.0000E+00 , N = 2 , ρ = NaN )
>>>Group 115 has converged ( ϵ = 0.0000E+00 , N = 2 , ρ = NaN )
>>>Group 116 has converged ( ϵ = 0.0000E+00 , N = 2 , ρ = NaN )
>>>Group 117 has converged ( ϵ = 0.0000E+00 , N = 2 , ρ = NaN )
>>>Group 118 has converged ( ϵ = 0.0000E+00 , N = 2 , ρ = NaN )
>>>Group 119 has converged ( ϵ = 0.0000E+00 , N = 2 , ρ = NaN )
>>>Group 120 has converged ( ϵ = 0.0000E+00 , N = 2 , ρ = NaN )
>>>Group 121 has converged ( ϵ = 0.0000E+00 , N = 2 , ρ = NaN )
>>>Group 122 has converged ( ϵ = 0.0000E+00 , N = 2 , ρ = NaN )
>>>Group 123 has converged ( ϵ = 0.0000E+00 , N = 2 , ρ = NaN )
>>>Group 124 has converged ( ϵ = 0.0000E+00 , N = 2 , ρ = NaN )
>>>Group 125 has converged ( ϵ = 0.0000E+00 , N = 2 , ρ = NaN )
>>>Group 126 has converged ( ϵ = 0.0000E+00 , N = 2 , ρ = NaN )
>>>Group 127 has converged ( ϵ = 0.0000E+00 , N = 2 , ρ = NaN )
>>>Group 128 has converged ( ϵ = 0.0000E+00 , N = 2 , ρ = NaN )
>>>Group 129 has converged ( ϵ = 0.0000E+00 , N = 2 , ρ = NaN )
>>>Group 130 has converged ( ϵ = 0.0000E+00 , N = 2 , ρ = NaN )
>>>Group 131 has converged ( ϵ = 0.0000E+00 , N = 2 , ρ = NaN )
>>>Group 132 has converged ( ϵ = 0.0000E+00 , N = 2 , ρ = NaN )
>>>Group 133 has converged ( ϵ = 0.0000E+00 , N = 2 , ρ = NaN )
>>>Group 134 has converged ( ϵ = 0.0000E+00 , N = 2 , ρ = NaN )
>>>Group 135 has converged ( ϵ = 0.0000E+00 , N = 2 , ρ = NaN )
>>>Group 136 has converged ( ϵ = 0.0000E+00 , N = 2 , ρ = NaN )
>>>Group 137 has converged ( ϵ = 0.0000E+00 , N = 2 , ρ = NaN )
>>>Group 138 has converged ( ϵ = 0.0000E+00 , N = 2 , ρ = NaN )
>>>Group 139 has converged ( ϵ = 0.0000E+00 , N = 2 , ρ = NaN )
>>>Group 140 has converged ( ϵ = 0.0000E+00 , N = 2 , ρ = NaN )
>>>Group 141 has converged ( ϵ = 0.0000E+00 , N = 2 , ρ = NaN )
>>>Group 142 has converged ( ϵ = 0.0000E+00 , N = 2 , ρ = NaN )
>>>Group 143 has converged ( ϵ = 0.0000E+00 , N = 2 , ρ = NaN )
>>>Group 144 has converged ( ϵ = 0.0000E+00 , N = 2 , ρ = NaN )
>>>Group 145 has converged ( ϵ = 0.0000E+00 , N = 2 , ρ = NaN )
>>>Group 146 has converged ( ϵ = 0.0000E+00 , N = 2 , ρ = NaN )
>>>Group 147 has converged ( ϵ = 0.0000E+00 , N = 2 , ρ = NaN )
>>>Group 148 has converged ( ϵ = 0.0000E+00 , N = 2 , ρ = NaN )
>>>Group 149 has converged ( ϵ = 0.0000E+00 , N = 2 , ρ = NaN )
>>>Group 150 has converged ( ϵ = 0.0000E+00 , N = 2 , ρ = NaN )
>>>Group 151 has converged ( ϵ = 0.0000E+00 , N = 2 , ρ = NaN )
>>>Group 152 has converged ( ϵ = 0.0000E+00 , N = 2 , ρ = NaN )
>>>Group 153 has converged ( ϵ = 0.0000E+00 , N = 2 , ρ = NaN )
>>>Group 154 has converged ( ϵ = 0.0000E+00 , N = 2 , ρ = NaN )
>>>Group 155 has converged ( ϵ = 0.0000E+00 , N = 2 , ρ = NaN )
>>>Group 156 has converged ( ϵ = 0.0000E+00 , N = 2 , ρ = NaN )
>>>Group 157 has converged ( ϵ = 0.0000E+00 , N = 2 , ρ = NaN )
>>>Group 158 has converged ( ϵ = 0.0000E+00 , N = 2 , ρ = NaN )
>>>Group 159 has converged ( ϵ = 0.0000E+00 , N = 2 , ρ = NaN )
>>>Group 160 has converged ( ϵ = 0.0000E+00 , N = 2 , ρ = NaN )
>>>Group 161 has converged ( ϵ = 0.0000E+00 , N = 2 , ρ = NaN )
>>>Group 162 has converged ( ϵ = 0.0000E+00 , N = 2 , ρ = NaN )
>>>Group 163 has converged ( ϵ = 0.0000E+00 , N = 2 , ρ = NaN )
>>>Group 164 has converged ( ϵ = 0.0000E+00 , N = 2 , ρ = NaN )
>>>Group 165 has converged ( ϵ = 0.0000E+00 , N = 2 , ρ = NaN )
>>>Group 166 has converged ( ϵ = 0.0000E+00 , N = 2 , ρ = NaN )
>>>Group 167 has converged ( ϵ = 0.0000E+00 , N = 2 , ρ = NaN )
>>>Group 168 has converged ( ϵ = 0.0000E+00 , N = 2 , ρ = NaN )
>>>Group 169 has converged ( ϵ = 0.0000E+00 , N = 2 , ρ = NaN )
>>>Group 170 has converged ( ϵ = 0.0000E+00 , N = 2 , ρ = NaN )
>>>Group 171 has converged ( ϵ = 0.0000E+00 , N = 2 , ρ = NaN )
>>>Group 172 has converged ( ϵ = 0.0000E+00 , N = 2 , ρ = NaN )
>>>Group 173 has converged ( ϵ = 0.0000E+00 , N = 2 , ρ = NaN )
>>>Group 174 has converged ( ϵ = 0.0000E+00 , N = 2 , ρ = NaN )
>>>Group 175 has converged ( ϵ = 0.0000E+00 , N = 2 , ρ = NaN )
>>>Group 176 has converged ( ϵ = 0.0000E+00 , N = 2 , ρ = NaN )
>>>Group 177 has converged ( ϵ = 0.0000E+00 , N = 2 , ρ = NaN )
>>>Group 178 has converged ( ϵ = 0.0000E+00 , N = 2 , ρ = NaN )
>>>Group 179 has converged ( ϵ = 0.0000E+00 , N = 2 , ρ = NaN )
>>>Group 180 has converged ( ϵ = 0.0000E+00 , N = 2 , ρ = NaN )
>>>Group 181 has converged ( ϵ = 0.0000E+00 , N = 2 , ρ = NaN )
>>>Group 182 has converged ( ϵ = 0.0000E+00 , N = 2 , ρ = NaN )
>>>Group 183 has converged ( ϵ = 0.0000E+00 , N = 2 , ρ = NaN )
>>>Group 184 has converged ( ϵ = 0.0000E+00 , N = 2 , ρ = NaN )
>>>Group 185 has converged ( ϵ = 0.0000E+00 , N = 2 , ρ = NaN )
>>>Group 186 has converged ( ϵ = 0.0000E+00 , N = 2 , ρ = NaN )
>>>Group 187 has converged ( ϵ = 0.0000E+00 , N = 2 , ρ = NaN )
>>>Group 188 has converged ( ϵ = 0.0000E+00 , N = 2 , ρ = NaN )
>>>Group 189 has converged ( ϵ = 0.0000E+00 , N = 2 , ρ = NaN )
>>>Group 190 has converged ( ϵ = 0.0000E+00 , N = 2 , ρ = NaN )
>>>Group 191 has converged ( ϵ = 0.0000E+00 , N = 2 , ρ = NaN )
>>>Group 192 has converged ( ϵ = 0.0000E+00 , N = 2 , ρ = NaN )
>>>Group 193 has converged ( ϵ = 0.0000E+00 , N = 2 , ρ = NaN )
>>>Group 194 has converged ( ϵ = 0.0000E+00 , N = 2 , ρ = NaN )
>>>Group 195 has converged ( ϵ = 0.0000E+00 , N = 2 , ρ = NaN )
>>>Group 196 has converged ( ϵ = 0.0000E+00 , N = 2 , ρ = NaN )
>>>Group 197 has converged ( ϵ = 0.0000E+00 , N = 2 , ρ = NaN )
>>>Group 198 has converged ( ϵ = 0.0000E+00 , N = 2 , ρ = NaN )
>>>Group 199 has converged ( ϵ = 0.0000E+00 , N = 2 , ρ = NaN )
>>>Group 200 has converged ( ϵ = 0.0000E+00 , N = 2 , ρ = NaN )
>>>Group 201 has converged ( ϵ = 0.0000E+00 , N = 2 , ρ = NaN )
>>>Group 202 has converged ( ϵ = 0.0000E+00 , N = 2 , ρ = NaN )
>>>Group 203 has converged ( ϵ = 0.0000E+00 , N = 2 , ρ = NaN )
>>>Group 204 has converged ( ϵ = 0.0000E+00 , N = 2 , ρ = NaN )
>>>Group 205 has converged ( ϵ = 0.0000E+00 , N = 2 , ρ = NaN )
>>>Group 206 has converged ( ϵ = 9.9432E-08 , N = 1 , ρ = NaN )
>>>Group 207 has converged ( ϵ = 5.7900E-08 , N = 1 , ρ = NaN )
>>>Group 208 has converged ( ϵ = 3.3676E-08 , N = 1 , ρ = NaN )
>>>Group 209 has converged ( ϵ = 1.9564E-08 , N = 1 , ρ = NaN )
>>>Group 210 has converged ( ϵ = 1.1353E-08 , N = 1 , ρ = NaN )
>>>Group 211 has converged ( ϵ = 6.5803E-09 , N = 1 , ρ = NaN )
>>>Group 212 has converged ( ϵ = 3.8098E-09 , N = 1 , ρ = NaN )
>>>Group 213 has converged ( ϵ = 2.2033E-09 , N = 1 , ρ = NaN )
>>>Group 214 has converged ( ϵ = 1.2728E-09 , N = 1 , ρ = NaN )
>>>Group 215 has converged ( ϵ = 7.3448E-10 , N = 1 , ρ = NaN )
>>>Group 216 has converged ( ϵ = 4.2338E-10 , N = 1 , ρ = NaN )
>>>Group 217 has converged ( ϵ = 2.4379E-10 , N = 1 , ρ = NaN )
>>>Group 218 has converged ( ϵ = 1.4023E-10 , N = 1 , ρ = NaN )
>>>Group 219 has converged ( ϵ = 8.0580E-11 , N = 1 , ρ = NaN )
>>>Group 220 has converged ( ϵ = 4.6255E-11 , N = 1 , ρ = NaN )
>>>Group 221 has converged ( ϵ = 2.6524E-11 , N = 1 , ρ = NaN )
>>>Group 222 has converged ( ϵ = 1.5195E-11 , N = 1 , ρ = NaN )
>>>Group 223 has converged ( ϵ = 8.6957E-12 , N = 1 , ρ = NaN )
>>>Group 224 has converged ( ϵ = 4.9715E-12 , N = 1 , ρ = NaN )
>>>Group 225 has converged ( ϵ = 2.8396E-12 , N = 1 , ρ = NaN )
>>>Group 226 has converged ( ϵ = 1.6203E-12 , N = 1 , ρ = NaN )
>>>Group 227 has converged ( ϵ = 9.2366E-13 , N = 1 , ρ = NaN )
>>>Group 228 has converged ( ϵ = 5.2605E-13 , N = 1 , ρ = NaN )
>>>Group 229 has converged ( ϵ = 2.9932E-13 , N = 1 , ρ = NaN )
>>>Group 230 has converged ( ϵ = 1.7015E-13 , N = 1 , ρ = NaN )
>>>Group 231 has converged ( ϵ = 9.6634E-14 , N = 1 , ρ = NaN )
>>>Group 232 has converged ( ϵ = 5.4833E-14 , N = 1 , ρ = NaN )
>>>Group 233 has converged ( ϵ = 3.1085E-14 , N = 1 , ρ = NaN )
>>>Group 234 has converged ( ϵ = 1.7607E-14 , N = 1 , ρ = NaN )
>>>Group 235 has converged ( ϵ = 9.9638E-15 , N = 1 , ρ = NaN )
>>>Group 236 has converged ( ϵ = 5.6337E-15 , N = 1 , ρ = NaN )
>>>Group 237 has converged ( ϵ = 3.1826E-15 , N = 1 , ρ = NaN )
>>>Group 238 has converged ( ϵ = 1.7964E-15 , N = 1 , ρ = NaN )
>>>Group 239 has converged ( ϵ = 1.0131E-15 , N = 1 , ρ = NaN )
>>>Group 240 has converged ( ϵ = 5.7086E-16 , N = 1 , ρ = NaN )
>>>Group 241 has converged ( ϵ = 3.2141E-16 , N = 1 , ρ = NaN )
>>>Group 242 has converged ( ϵ = 1.8081E-16 , N = 1 , ρ = NaN )
>>>Group 243 has converged ( ϵ = 1.0163E-16 , N = 1 , ρ = NaN )
>>>Group 244 has converged ( ϵ = 5.7081E-17 , N = 1 , ρ = NaN )
>>>Group 245 has converged ( ϵ = 3.2033E-17 , N = 1 , ρ = NaN )
>>>Group 246 has converged ( ϵ = 1.7963E-17 , N = 1 , ρ = NaN )
>>>Group 247 has converged ( ϵ = 1.0065E-17 , N = 1 , ρ = NaN )
>>>Group 248 has converged ( ϵ = 5.6350E-18 , N = 1 , ρ = NaN )
>>>Group 249 has converged ( ϵ = 3.1524E-18 , N = 1 , ρ = NaN )
>>>Group 250 has converged ( ϵ = 1.7623E-18 , N = 1 , ρ = NaN )
>>>Group 251 has converged ( ϵ = 9.8439E-19 , N = 1 , ρ = NaN )
>>>Group 252 has converged ( ϵ = 5.4946E-19 , N = 1 , ρ = NaN )
>>>Group 253 has converged ( ϵ = 3.0647E-19 , N = 1 , ρ = NaN )
>>>Group 254 has converged ( ϵ = 1.7081E-19 , N = 1 , ρ = NaN )
>>>Group 255 has converged ( ϵ = 9.5133E-20 , N = 1 , ρ = NaN )
>>>Group 256 has converged ( ϵ = 5.2946E-20 , N = 1 , ρ = NaN )
>>>Group 257 has converged ( ϵ = 2.9446E-20 , N = 1 , ρ = NaN )
>>>Group 258 has converged ( ϵ = 1.6364E-20 , N = 1 , ρ = NaN )
>>>Group 259 has converged ( ϵ = 9.0882E-21 , N = 1 , ρ = NaN )
>>>Group 260 has converged ( ϵ = 5.0437E-21 , N = 1 , ρ = NaN )
>>>Group 261 has converged ( ϵ = 2.7972E-21 , N = 1 , ρ = NaN )
>>>Group 262 has converged ( ϵ = 1.5503E-21 , N = 1 , ρ = NaN )
>>>Group 263 has converged ( ϵ = 8.5860E-22 , N = 1 , ρ = NaN )
>>>Group 264 has converged ( ϵ = 4.7521E-22 , N = 1 , ρ = NaN )
>>>Group 265 has converged ( ϵ = 2.6284E-22 , N = 1 , ρ = NaN )
>>>Group 266 has converged ( ϵ = 1.4528E-22 , N = 1 , ρ = NaN )
>>>Group 267 has converged ( ϵ = 8.0249E-23 , N = 1 , ρ = NaN )
>>>Group 268 has converged ( ϵ = 4.4299E-23 , N = 1 , ρ = NaN )
>>>Group 269 has converged ( ϵ = 2.4438E-23 , N = 1 , ρ = NaN )
>>>Group 270 has converged ( ϵ = 1.3473E-23 , N = 1 , ρ = NaN )
>>>Group 271 has converged ( ϵ = 7.4231E-24 , N = 1 , ρ = NaN )
>>>Group 272 has converged ( ϵ = 4.0873E-24 , N = 1 , ρ = NaN )
>>>Group 273 has converged ( ϵ = 2.2492E-24 , N = 1 , ρ = NaN )
>>>Group 274 has converged ( ϵ = 1.2369E-24 , N = 1 , ρ = NaN )
>>>Group 275 has converged ( ϵ = 6.7980E-25 , N = 1 , ρ = NaN )
>>>Group 276 has converged ( ϵ = 3.7340E-25 , N = 1 , ρ = NaN )
>>>Group 277 has converged ( ϵ = 2.0497E-25 , N = 1 , ρ = NaN )
>>>Group 278 has converged ( ϵ = 1.1245E-25 , N = 1 , ρ = NaN )
>>>Group 279 has converged ( ϵ = 6.1656E-26 , N = 1 , ρ = NaN )
>>>Group 280 has converged ( ϵ = 3.3786E-26 , N = 1 , ρ = NaN )
>>>Group 281 has converged ( ϵ = 1.8503E-26 , N = 1 , ρ = NaN )
>>>Group 282 has converged ( ϵ = 1.0127E-26 , N = 1 , ρ = NaN )
>>>Group 283 has converged ( ϵ = 5.5399E-27 , N = 1 , ρ = NaN )
>>>Group 284 has converged ( ϵ = 3.0288E-27 , N = 1 , ρ = NaN )
>>>Group 285 has converged ( ϵ = 1.6550E-27 , N = 1 , ρ = NaN )
>>>Group 286 has converged ( ϵ = 9.0379E-28 , N = 1 , ρ = NaN )
>>>Group 287 has converged ( ϵ = 4.9329E-28 , N = 1 , ρ = NaN )
>>>Group 288 has converged ( ϵ = 2.6909E-28 , N = 1 , ρ = NaN )
>>>Group 289 has converged ( ϵ = 1.4671E-28 , N = 1 , ρ = NaN )
>>>Group 290 has converged ( ϵ = 7.9946E-29 , N = 1 , ρ = NaN )
>>>Group 291 has converged ( ϵ = 4.3541E-29 , N = 1 , ρ = NaN )
>>>Group 292 has converged ( ϵ = 2.3701E-29 , N = 1 , ρ = NaN )
>>>Group 293 has converged ( ϵ = 1.2894E-29 , N = 1 , ρ = NaN )
>>>Group 294 has converged ( ϵ = 7.0116E-30 , N = 1 , ρ = NaN )
>>>Group 295 has converged ( ϵ = 3.8107E-30 , N = 1 , ρ = NaN )
>>>Group 296 has converged ( ϵ = 2.0700E-30 , N = 1 , ρ = NaN )
>>>Group 297 has converged ( ϵ = 1.1239E-30 , N = 1 , ρ = NaN )
>>>Group 298 has converged ( ϵ = 6.0987E-31 , N = 1 , ρ = NaN )
>>>Group 299 has converged ( ϵ = 3.3078E-31 , N = 1 , ρ = NaN )
>>>Group 300 has converged ( ϵ = 1.7932E-31 , N = 1 , ρ = NaN )
>>>Group 301 has converged ( ϵ = 9.7164E-32 , N = 1 , ρ = NaN )
>>>Group 302 has converged ( ϵ = 5.2622E-32 , N = 1 , ρ = NaN )
>>>Group 303 has converged ( ϵ = 2.8485E-32 , N = 1 , ρ = NaN )
>>>Group 304 has converged ( ϵ = 1.5412E-32 , N = 1 , ρ = NaN )
>>>Group 305 has converged ( ϵ = 8.3348E-33 , N = 1 , ρ = NaN )
>>>Group 306 has converged ( ϵ = 4.5053E-33 , N = 1 , ρ = NaN )
>>>Group 307 has converged ( ϵ = 2.4341E-33 , N = 1 , ρ = NaN )
>>>Group 308 has converged ( ϵ = 1.3145E-33 , N = 1 , ρ = NaN )
>>>Group 309 has converged ( ϵ = 7.0954E-34 , N = 1 , ρ = NaN )
>>>Group 310 has converged ( ϵ = 3.8282E-34 , N = 1 , ρ = NaN )
>>>Group 311 has converged ( ϵ = 2.0645E-34 , N = 1 , ρ = NaN )
>>>Group 312 has converged ( ϵ = 1.1128E-34 , N = 1 , ρ = NaN )
>>>Group 313 has converged ( ϵ = 5.9959E-35 , N = 1 , ρ = NaN )
>>>Group 314 has converged ( ϵ = 3.2291E-35 , N = 1 , ρ = NaN )
>>>Group 315 has converged ( ϵ = 1.7383E-35 , N = 1 , ρ = NaN )
>>>Group 316 has converged ( ϵ = 9.3533E-36 , N = 1 , ρ = NaN )
>>>Group 317 has converged ( ϵ = 5.0306E-36 , N = 1 , ρ = NaN )
>>>Group 318 has converged ( ϵ = 2.7045E-36 , N = 1 , ρ = NaN )
>>>Group 319 has converged ( ϵ = 1.4533E-36 , N = 1 , ρ = NaN )
>>>Group 320 has converged ( ϵ = 7.8065E-37 , N = 1 , ρ = NaN )
>>>Group 321 has converged ( ϵ = 4.1914E-37 , N = 1 , ρ = NaN )
>>>Group 322 has converged ( ϵ = 2.2495E-37 , N = 1 , ρ = NaN )
>>>Group 323 has converged ( ϵ = 1.2068E-37 , N = 1 , ρ = NaN )
>>>Group 324 has converged ( ϵ = 6.4713E-38 , N = 1 , ρ = NaN )
>>>Group 325 has converged ( ϵ = 3.4687E-38 , N = 1 , ρ = NaN )
>>>Group 326 has converged ( ϵ = 1.8586E-38 , N = 1 , ρ = NaN )
>>>Group 327 has converged ( ϵ = 9.9541E-39 , N = 1 , ρ = NaN )
>>>Group 328 has converged ( ϵ = 5.3291E-39 , N = 1 , ρ = NaN )
>>>Group 329 has converged ( ϵ = 2.8518E-39 , N = 1 , ρ = NaN )
>>>Group 330 has converged ( ϵ = 1.5256E-39 , N = 1 , ρ = NaN )
>>>Group 331 has converged ( ϵ = 8.1575E-40 , N = 1 , ρ = NaN )
>>>Group 332 has converged ( ϵ = 4.3603E-40 , N = 1 , ρ = NaN )
>>>Group 333 has converged ( ϵ = 2.3297E-40 , N = 1 , ρ = NaN )
>>>Group 334 has converged ( ϵ = 1.2443E-40 , N = 1 , ρ = NaN )
>>>Group 335 has converged ( ϵ = 6.6433E-41 , N = 1 , ρ = NaN )
>>>Group 336 has converged ( ϵ = 3.5454E-41 , N = 1 , ρ = NaN )
>>>Group 337 has converged ( ϵ = 1.8914E-41 , N = 1 , ρ = NaN )
>>>Group 338 has converged ( ϵ = 1.0087E-41 , N = 1 , ρ = NaN )
>>>Group 339 has converged ( ϵ = 5.3770E-42 , N = 1 , ρ = NaN )
>>>Group 340 has converged ( ϵ = 2.8653E-42 , N = 1 , ρ = NaN )
>>>Group 341 has converged ( ϵ = 1.5263E-42 , N = 1 , ρ = NaN )
>>>Group 342 has converged ( ϵ = 8.1276E-43 , N = 1 , ρ = NaN )
>>>Group 343 has converged ( ϵ = 4.3263E-43 , N = 1 , ρ = NaN )
>>>Group 344 has converged ( ϵ = 2.3020E-43 , N = 1 , ρ = NaN )
>>>Group 345 has converged ( ϵ = 1.2245E-43 , N = 1 , ρ = NaN )
>>>Group 346 has converged ( ϵ = 6.5109E-44 , N = 1 , ρ = NaN )
>>>Group 347 has converged ( ϵ = 3.4607E-44 , N = 1 , ρ = NaN )
>>>Group 348 has converged ( ϵ = 1.8389E-44 , N = 1 , ρ = NaN )
>>>Group 349 has converged ( ϵ = 9.7672E-45 , N = 1 , ρ = NaN )
>>>Group 350 has converged ( ϵ = 5.1861E-45 , N = 1 , ρ = NaN )
>>>Group 351 has converged ( ϵ = 2.7528E-45 , N = 1 , ρ = NaN )
>>>Group 352 has converged ( ϵ = 1.4606E-45 , N = 1 , ρ = NaN )
>>>Group 353 has converged ( ϵ = 7.7476E-46 , N = 1 , ρ = NaN )
>>>Group 354 has converged ( ϵ = 4.1081E-46 , N = 1 , ρ = NaN )
>>>Group 355 has converged ( ϵ = 2.1776E-46 , N = 1 , ρ = NaN )
>>>Group 356 has converged ( ϵ = 1.1539E-46 , N = 1 , ρ = NaN )
>>>Group 357 has converged ( ϵ = 6.1123E-47 , N = 1 , ρ = NaN )
>>>Group 358 has converged ( ϵ = 3.2367E-47 , N = 1 , ρ = NaN )
>>>Group 359 has converged ( ϵ = 1.7134E-47 , N = 1 , ρ = NaN )
>>>Group 360 has converged ( ϵ = 9.0671E-48 , N = 1 , ρ = NaN )
>>>Group 361 has converged ( ϵ = 4.7967E-48 , N = 1 , ρ = NaN )
>>>Group 362 has converged ( ϵ = 2.5367E-48 , N = 1 , ρ = NaN )
>>>Group 363 has converged ( ϵ = 1.3411E-48 , N = 1 , ρ = NaN )
>>>Group 364 has converged ( ϵ = 7.0880E-49 , N = 1 , ρ = NaN )
>>>Group 365 has converged ( ϵ = 3.7449E-49 , N = 1 , ρ = NaN )
>>>Group 366 has converged ( ϵ = 1.9780E-49 , N = 1 , ρ = NaN )
>>>Group 367 has converged ( ϵ = 1.0444E-49 , N = 1 , ρ = NaN )
>>>Group 368 has converged ( ϵ = 5.5128E-50 , N = 1 , ρ = NaN )
>>>Group 369 has converged ( ϵ = 2.9090E-50 , N = 1 , ρ = NaN )
>>>Group 370 has converged ( ϵ = 1.5346E-50 , N = 1 , ρ = NaN )
>>>Group 371 has converged ( ϵ = 8.0929E-51 , N = 1 , ρ = NaN )
>>>Group 372 has converged ( ϵ = 4.2666E-51 , N = 1 , ρ = NaN )
>>>Group 373 has converged ( ϵ = 2.2487E-51 , N = 1 , ρ = NaN )
>>>Group 374 has converged ( ϵ = 1.1848E-51 , N = 1 , ρ = NaN )
>>>Group 375 has converged ( ϵ = 6.2408E-52 , N = 1 , ρ = NaN )
>>>Group 376 has converged ( ϵ = 3.2862E-52 , N = 1 , ρ = NaN )
>>>Group 377 has converged ( ϵ = 1.7299E-52 , N = 1 , ρ = NaN )
>>>Group 378 has converged ( ϵ = 9.1041E-53 , N = 1 , ρ = NaN )
>>>Group 379 has converged ( ϵ = 4.7898E-53 , N = 1 , ρ = NaN )
>>>Group 380 has converged ( ϵ = 2.5192E-53 , N = 1 , ρ = NaN )
>>>Group 381 has converged ( ϵ = 1.3247E-53 , N = 1 , ρ = NaN )
>>>Group 382 has converged ( ϵ = 6.9632E-54 , N = 1 , ρ = NaN )
>>>Group 383 has converged ( ϵ = 3.6592E-54 , N = 1 , ρ = NaN )
>>>Group 384 has converged ( ϵ = 1.9224E-54 , N = 1 , ρ = NaN )
>>>Group 385 has converged ( ϵ = 1.0097E-54 , N = 1 , ρ = NaN )
>>>Group 386 has converged ( ϵ = 5.3016E-55 , N = 1 , ρ = NaN )
>>>Group 387 has converged ( ϵ = 2.7830E-55 , N = 1 , ρ = NaN )
>>>Group 388 has converged ( ϵ = 1.4604E-55 , N = 1 , ρ = NaN )
>>>Group 389 has converged ( ϵ = 7.6621E-56 , N = 1 , ρ = NaN )
>>>Group 390 has converged ( ϵ = 4.0187E-56 , N = 1 , ρ = NaN )
>>>Group 391 has converged ( ϵ = 2.1072E-56 , N = 1 , ρ = NaN )
>>>Group 392 has converged ( ϵ = 1.1046E-56 , N = 1 , ρ = NaN )
>>>Group 393 has converged ( ϵ = 5.7891E-57 , N = 1 , ρ = NaN )
>>>Group 394 has converged ( ϵ = 3.0331E-57 , N = 1 , ρ = NaN )
>>>Group 395 has converged ( ϵ = 1.5887E-57 , N = 1 , ρ = NaN )
>>>Group 396 has converged ( ϵ = 8.3195E-58 , N = 1 , ρ = NaN )
>>>Group 397 has converged ( ϵ = 4.3554E-58 , N = 1 , ρ = NaN )
>>>Group 398 has converged ( ϵ = 2.2796E-58 , N = 1 , ρ = NaN )
>>>Group 399 has converged ( ϵ = 1.1928E-58 , N = 1 , ρ = NaN )
>>>Group 400 has converged ( ϵ = 6.2396E-59 , N = 1 , ρ = NaN )
>>>Group 401 has converged ( ϵ = 3.2632E-59 , N = 1 , ρ = NaN )
E=499.99000 MeV nvox=32 ng=400 Al=0.0506795466 Cu=0.145951669 solve=3.617 s PHYSICAL_CANDIDATE
